Archive member included to satisfy reference by file (symbol)

C:/devkitPro/libogc/lib/wii\libwiiuse.a(wpad.o)
                              main.o (WPAD_Init)
C:/devkitPro/libogc/lib/wii\libwiiuse.a(motion_plus.o)
                              C:/devkitPro/libogc/lib/wii\libwiiuse.a(wpad.o) (wiiuse_set_motion_plus)
C:/devkitPro/libogc/lib/wii\libwiiuse.a(dynamics.o)
                              C:/devkitPro/libogc/lib/wii\libwiiuse.a(wpad.o) (calculate_gforce)
C:/devkitPro/libogc/lib/wii\libwiiuse.a(io.o)
                              C:/devkitPro/libogc/lib/wii\libwiiuse.a(motion_plus.o) (wiiuse_disable_expansion)
C:/devkitPro/libogc/lib/wii\libwiiuse.a(io_wii.o)
                              C:/devkitPro/libogc/lib/wii\libwiiuse.a(wpad.o) (__wiiuse_sensorbar_enable)
C:/devkitPro/libogc/lib/wii\libwiiuse.a(ir.o)
                              C:/devkitPro/libogc/lib/wii\libwiiuse.a(motion_plus.o) (wiiuse_set_ir_mode)
C:/devkitPro/libogc/lib/wii\libwiiuse.a(nunchuk.o)
                              C:/devkitPro/libogc/lib/wii\libwiiuse.a(io.o) (nunchuk_handshake)
C:/devkitPro/libogc/lib/wii\libwiiuse.a(wiiboard.o)
                              C:/devkitPro/libogc/lib/wii\libwiiuse.a(io.o) (wii_board_handshake)
C:/devkitPro/libogc/lib/wii\libwiiuse.a(wiiuse.o)
                              C:/devkitPro/libogc/lib/wii\libwiiuse.a(wpad.o) (wiiuse_init)
C:/devkitPro/libogc/lib/wii\libwiiuse.a(speaker.o)
                              C:/devkitPro/libogc/lib/wii\libwiiuse.a(wpad.o) (wencdata)
C:/devkitPro/libogc/lib/wii\libwiiuse.a(classic.o)
                              C:/devkitPro/libogc/lib/wii\libwiiuse.a(io.o) (classic_ctrl_handshake)
C:/devkitPro/libogc/lib/wii\libwiiuse.a(events.o)
                              C:/devkitPro/libogc/lib/wii\libwiiuse.a(io_wii.o) (parse_event)
C:/devkitPro/libogc/lib/wii\libwiiuse.a(guitar_hero_3.o)
                              C:/devkitPro/libogc/lib/wii\libwiiuse.a(io.o) (guitar_hero_3_handshake)
C:/devkitPro/libogc/lib/wii\libbte.a(bte.o)
                              C:/devkitPro/libogc/lib/wii\libwiiuse.a(wpad.o) (BTE_Init)
C:/devkitPro/libogc/lib/wii\libbte.a(hci.o)
                              C:/devkitPro/libogc/lib/wii\libbte.a(bte.o) (hci_init)
C:/devkitPro/libogc/lib/wii\libbte.a(l2cap.o)
                              C:/devkitPro/libogc/lib/wii\libbte.a(bte.o) (l2cap_init)
C:/devkitPro/libogc/lib/wii\libbte.a(btmemb.o)
                              C:/devkitPro/libogc/lib/wii\libbte.a(bte.o) (btmemb_init)
C:/devkitPro/libogc/lib/wii\libbte.a(btmemr.o)
                              C:/devkitPro/libogc/lib/wii\libbte.a(hci.o) (btmemr_init)
C:/devkitPro/libogc/lib/wii\libbte.a(btpbuf.o)
                              C:/devkitPro/libogc/lib/wii\libbte.a(hci.o) (btpbuf_init)
C:/devkitPro/libogc/lib/wii\libbte.a(physbusif.o)
                              C:/devkitPro/libogc/lib/wii\libbte.a(bte.o) (physbusif_init)
C:/devkitPro/libogc/lib/wii\libogc.a(console.o)
                              main.o (CON_Init)
C:/devkitPro/libogc/lib/wii\libogc.a(lwp_queue.o)
                              C:/devkitPro/libogc/lib/wii\libwiiuse.a(io_wii.o) (__lwp_queue_initialize)
C:/devkitPro/libogc/lib/wii\libogc.a(lwp_threads.o)
                              C:/devkitPro/libogc/lib/wii\libwiiuse.a(wpad.o) (_thread_dispatch_disable_level)
C:/devkitPro/libogc/lib/wii\libogc.a(lwp.o)
                              C:/devkitPro/libogc/lib/wii\libbte.a(bte.o) (LWP_InitQueue)
C:/devkitPro/libogc/lib/wii\libogc.a(lwp_handler.o)
                              C:/devkitPro/libogc/lib/wii\libogc.a(lwp_threads.o) (_cpu_context_save_fp)
C:/devkitPro/libogc/lib/wii\libogc.a(lwp_stack.o)
                              C:/devkitPro/libogc/lib/wii\libogc.a(lwp_threads.o) (__lwp_stack_allocate)
C:/devkitPro/libogc/lib/wii\libogc.a(lwp_watchdog.o)
                              C:/devkitPro/libogc/lib/wii\libogc.a(lwp_threads.o) (_wd_ticks_queue)
C:/devkitPro/libogc/lib/wii\libogc.a(lwp_wkspace.o)
                              C:/devkitPro/libogc/lib/wii\libwiiuse.a(motion_plus.o) (__wkspace_heap)
C:/devkitPro/libogc/lib/wii\libogc.a(lwp_objmgr.o)
                              C:/devkitPro/libogc/lib/wii\libogc.a(lwp.o) (__lwp_objmgr_initinfo)
C:/devkitPro/libogc/lib/wii\libogc.a(lwp_heap.o)
                              C:/devkitPro/libogc/lib/wii\libogc.a(lwp_wkspace.o) (__lwp_heap_init)
C:/devkitPro/libogc/lib/wii\libogc.a(sys_state.o)
                              C:/devkitPro/libogc/lib/wii\libogc.a(lwp_threads.o) (_sys_state_curr)
C:/devkitPro/libogc/lib/wii\libogc.a(irq.o)
                              C:/devkitPro/libogc/lib/wii\libwiiuse.a(io_wii.o) (IRQ_Disable)
C:/devkitPro/libogc/lib/wii\libogc.a(video.o)
                              C:/devkitPro/libogc/lib/wii\libogc.a(console.o) (VIDEO_GetCurrentFramebuffer)
C:/devkitPro/libogc/lib/wii\libogc.a(system.o)
[...]
Memory Configuration

Name             Origin             Length             Attributes
*default*        0x00000000         0xffffffff

Linker script and memory map

                0x00003400                        . = 0x3400

.stub
 *(.stub)
                0x80004000                        . = 0x80004000

.init           0x80004000      0x194
 *crt0.o(*.init)
 .init          0x80004000      0x170 C:/devkitPro/libogc/lib/wii\libogc.a(ogc_crt0.o)
                0x80004000                _start
                0x80004140                _memset
 *(.init)
 .init          0x80004170        0xc C:/devkitPro/devkitPPC/bin/../lib/gcc/powerpc-eabi/13.2.0/ecrti.o
                0x80004170                __init
 .init          0x8000417c        0x4 C:/devkitPro/devkitPPC/bin/../lib/gcc/powerpc-eabi/13.2.0/crtbegin.o
 .init          0x80004180        0x4 C:/devkitPro/devkitPPC/bin/../lib/gcc/powerpc-eabi/13.2.0/crtend.o
 .init          0x80004184       0x10 C:/devkitPro/devkitPPC/bin/../lib/gcc/powerpc-eabi/13.2.0/ecrtn.o

.rela.dyn       0x80004194        0x0
 .rela.iplt     0x80004194        0x0 C:/devkitPro/devkitPPC/bin/../lib/gcc/powerpc-eabi/13.2.0/crtbegin.o

.plt
 *(.plt)

.interp
 *(.interp)

.hash
 *(.hash)

.dynsym
 *(.dynsym)

.dynstr
 *(.dynstr)

.gnu.version
 *(.gnu.version)

.gnu.version_d
 *(.gnu.version_d)

.gnu.version_r
 *(.gnu.version_r)

.rel.init
 *(.rel.init)

.rela.init
 *(.rela.init)

.rel.text
 *(.rel.text .rel.text.* .rel.gnu.linkonce.t.*)

.rela.text      0x80004194        0x0
 *(.rela.text .rela.text.* .rela.gnu.linkonce.t.*)
 .rela.text.__do_global_dtors_aux
                0x80004194        0x0 C:/devkitPro/devkitPPC/bin/../lib/gcc/powerpc-eabi/13.2.0/crtbegin.o
 .rela.text.frame_dummy
                0x80004194        0x0 C:/devkitPro/devkitPPC/bin/../lib/gcc/powerpc-eabi/13.2.0/crtbegin.o

.rel.fini
 *(.rel.fini)

.rela.fini
 *(.rela.fini)

.rel.rodata
 *(.rel.rodata .rel.rodata.* .rel.gnu.linkonce.r.*)

.rela.rodata
 *(.rela.rodata .rela.rodata.* .rela.gnu.linkonce.r.*)

.rel.data
 *(.rel.data .rel.data.* .rel.gnu.linkonce.d.*)

.rela.data
 *(.rela.data .rela.data.* .rela.gnu.linkonce.d.*)

.rel.tdata
 *(.rel.tdata .rel.tdata.* .rel.gnu.linkonce.td.*)

.rela.tdata
 *(.rela.tdata .rela.tdata.* .rela.gnu.linkonce.td.*)

.rel.tbss
 *(.rel.tbss .rel.tbss.* .rel.gnu.linkonce.tb.*)

.rela.tbss
 *(.rela.tbss .rela.tbss.* .rela.gnu.linkonce.tb.*)

.rel.ctors
 *(.rel.ctors)

.rela.ctors
 *(.rela.ctors)

.rel.dtors
 *(.rel.dtors)

.rela.dtors
 *(.rela.dtors)

.rel.got
 *(.rel.got)

.rela.got
 *(.rela.got)

.rela.got1
 *(.rela.got1)

.rela.got2
 *(.rela.got2)

.rel.sdata
 *(.rel.sdata .rel.sdata.* .rel.gnu.linkonce.s.*)

.rela.sdata
 *(.rela.sdata .rela.sdata.* .rela.gnu.linkonce.s.*)

.rel.sbss
 *(.rel.sbss .rel.sbss.* .rel.gnu.linkonce.sb.*)

.rela.sbss
 *(.rela.sbss .rela.sbss.* .rel.gnu.linkonce.sb.*)

.rel.sdata2
 *(.rel.sdata2 .rel.sdata2.* .rel.gnu.linkonce.s2.*)

.rela.sdata2
 *(.rela.sdata2 .rela.sdata2.* .rela.gnu.linkonce.s2.*)

.rel.sbss2
 *(.rel.sbss2 .rel.sbss2.* .rel.gnu.linkonce.sb2.*)

.rela.sbss2
 *(.rela.sbss2 .rela.sbss2.* .rela.gnu.linkonce.sb2.*)

.rel.bss
 *(.rel.bss .rel.bss.* .rel.gnu.linkonce.b.*)

.rela.bss
 *(.rela.bss .rela.bss.* .rela.gnu.linkonce.b.*)

.rel.plt
 *(.rel.plt)

.rela.plt
 *(.rela.plt)

.text           0x800041a0    0x3dbc0
 *(.text)
 .text          0x800041a0      0x44c C:/devkitPro/libogc/lib/wii\libogc.a(lwp_handler.o)
                0x800041a0                _cpu_context_save_fp
                0x800042e0                _cpu_context_restore_fp
                0x80004420                _cpu_context_switch
                0x80004500                _cpu_context_save
                0x80004580                _cpu_context_restore
 .text          0x800045ec      0x4a0 C:/devkitPro/libogc/lib/wii\libogc.a(system_asm.o)
                0x800045ec                __realmode
                0x80004604                __configBATS
                0x80004734                __InitFPRS
                0x80004860                __InitPS
                0x800048bc                __InitCache
                0x80004914                __InitSystem
                0x8000499c                __flush_cache
                0x800049d0                __reset
                0x80004a40                __InitBATS
                0x80004a5c                SYS_SwitchFiber
 .text          0x80004a8c      0x1ac C:/devkitPro/libogc/lib/wii\libogc.a(irq_handler.o)
                0x80004a8c                irq_exceptionhandler
 .text          0x80004c38      0x118 C:/devkitPro/libogc/lib/wii\libogc.a(video_asm.o)
                0x80004c38                __VIClearFramebuffer
 .text          0x80004d50      0x4f4 C:/devkitPro/libogc/lib/wii\libogc.a(cache_asm.o)
                0x80004d50                DCFlashInvalidate
                0x80004d64                DCEnable
                0x80004d78                DCDisable
                0x80004d8c                DCFreeze
                0x80004da0                DCUnfreeze
                0x80004db4                DCTouchLoad
                0x80004dbc                DCBlockZero
                0x80004dc4                DCBlockStore
                0x80004dcc                DCBlockFlush
                0x80004dd4                DCBlockInvalidate
                0x80004ddc                DCInvalidateRange
                0x80004e0c                DCFlushRange
                0x80004e40                DCStoreRange
                0x80004e74                DCFlushRangeNoSync
                0x80004ea4                DCStoreRangeNoSync
                0x80004ed4                DCZeroRange
                0x80004f04                DCTouchRange
                0x80004f34                ICInvalidateRange
                0x80004f6c                ICFlashInvalidate
                0x80004f80                ICEnable
                0x80004f94                ICDisable
                0x80004fa8                ICFreeze
                0x80004fbc                ICUnfreeze
                0x80004fd0                ICBlockInvalidate
                0x80004fd8                ICSync
                0x80004fe0                L2Init
                0x80005028                L2Enable
                0x80005044                L2Disable
                0x8000505c                L2GlobalInvalidate
                0x800050b4                __LCEnable
                0x80005180                LCDisable
                0x800051a8                LCAllocOneTag
                0x800051bc                LCAllocTags
                0x800051fc                LCLoadBlocks
                0x80005220                LCStoreBlocks
 .text          0x80005244      0x1ac C:/devkitPro/libogc/lib/wii\libogc.a(decrementer_handler.o)
                0x80005244                dec_exceptionhandler
 .text          0x800053f0      0x35c C:/devkitPro/libogc/lib/wii\libogc.a(exception_handler.o)
                0x800053f0                exceptionhandler_start
                0x8000546c                exceptionhandler_patch
                0x800054a0                exceptionhandler_end
                0x800054a4                default_exceptionhandler
                0x800055d4                fpu_exceptionhandler
                0x8000571c                systemcallhandler_start
                0x80005748                systemcallhandler_end
 .text          0x8000574c       0x48 C:/devkitPro/devkitPPC/bin/../lib/gcc/powerpc-eabi/13.2.0\libgcc.a(eabi.o)
                0x8000574c                __eabi
 .text          0x80005794       0x58 C:/devkitPro/devkitPPC/bin/../lib/gcc/powerpc-eabi/13.2.0\libgcc.a(crtresxfpr.o)
                0x80005794                _restfpr_14_x
                0x80005798                _restfpr_15_x
                0x8000579c                _restfpr_16_x
                0x800057a0                _restfpr_17_x
                0x800057a4                _restfpr_18_x
                0x800057a8                _restfpr_19_x
                0x800057ac                _restfpr_20_x
                0x800057b0                _restfpr_21_x
                0x800057b4                _restfpr_22_x
                0x800057b8                _restfpr_23_x
                0x800057bc                _restfpr_24_x
                0x800057c0                _restfpr_25_x
                0x800057c4                _restfpr_26_x
                0x800057c8                _restfpr_27_x
                0x800057cc                _restfpr_28_x
                0x800057d0                _restfpr_29_x
                0x800057d4                _restfpr_30_x
                0x800057d8                _restfpr_31_x
 .text          0x800057ec       0x58 C:/devkitPro/devkitPPC/bin/../lib/gcc/powerpc-eabi/13.2.0\libgcc.a(crtresxgpr.o)
                0x800057ec                _restgpr_14_x
                0x800057f0                _restgpr_15_x
                0x800057f4                _restgpr_16_x
                0x800057f8                _restgpr_17_x
                0x800057fc                _restgpr_18_x
                0x80005800                _restgpr_19_x
                0x80005804                _restgpr_20_x
                0x80005808                _restgpr_21_x
                0x8000580c                _restgpr_22_x
                0x80005810                _restgpr_23_x
                0x80005814                _restgpr_24_x
                0x80005818                _restgpr_25_x
                0x8000581c                _restgpr_26_x
                0x80005820                _restgpr_27_x
                0x80005824                _restgpr_28_x
                0x80005828                _restgpr_29_x
                0x8000582c                _restgpr_30_x
                0x80005830                _restgpr_31_x
 *(.text.*)
 .text.__do_global_dtors_aux
                0x80005844       0xcc C:/devkitPro/devkitPPC/bin/../lib/gcc/powerpc-eabi/13.2.0/crtbegin.o
 .text.frame_dummy
                0x80005910       0x24 C:/devkitPro/devkitPPC/bin/../lib/gcc/powerpc-eabi/13.2.0/crtbegin.o
 .text.__crtmain
                0x80005934       0x44 C:/devkitPro/devkitPPC/bin/../lib/gcc/powerpc-eabi/13.2.0/../../../../powerpc-eabi/lib/crtmain.o
                0x80005938                __crtmain
 .text.setup_video
                0x80005978      0x2f8 main.o
                0x80005978                setup_video
 .text.draw_black_rect
                0x80005c70       0xf8 main.o
                0x80005c70                draw_black_rect
 .text.startup.main
                0x80005d68       0x40 main.o
                0x80005d68                main
 .text.__wpad_assign_slot
                0x80005da8      0x254 C:/devkitPro/libogc/lib/wii\libwiiuse.a(wpad.o)
                0x80005da8                __wpad_assign_slot
 .text.__wpad_def_powcb
                0x80005ffc        0x4 C:/devkitPro/libogc/lib/wii\libwiiuse.a(wpad.o)
 .text.__readlinkkey_finished
                0x80006000       0x34 C:/devkitPro/libogc/lib/wii\libwiiuse.a(wpad.o)
 .text.__wpad_patch_finished
                0x80006034       0x2c C:/devkitPro/libogc/lib/wii\libwiiuse.a(wpad.o)
 .text.__wpad_setfmt
                0x80006060      0x14c C:/devkitPro/libogc/lib/wii\libwiiuse.a(wpad.o)
 .text.__wpad_eventCB
                0x800061ac      0xad4 C:/devkitPro/libogc/lib/wii\libwiiuse.a(wpad.o)
 .text.__wpad_disconnectCB
                0x80006c80       0xd4 C:/devkitPro/libogc/lib/wii\libwiiuse.a(wpad.o)
                0x80006c80                __wpad_disconnectCB
 .text.__wpad_timeouthandler
                0x80006d54       0xa8 C:/devkitPro/libogc/lib/wii\libwiiuse.a(wpad.o)
 .text.__initcore_finished
                0x80006dfc       0x48 C:/devkitPro/libogc/lib/wii\libwiiuse.a(wpad.o)
 .text.__wpad_init_finished
                0x80006e44      0x194 C:/devkitPro/libogc/lib/wii\libwiiuse.a(wpad.o)
 .text.WPAD_ReadEvent
                0x80006fd8      0x68c C:/devkitPro/libogc/lib/wii\libwiiuse.a(wpad.o)
                0x80006fd8                WPAD_ReadEvent
 .text.WPAD_ReadPending
                0x80007664      0x1a0 C:/devkitPro/libogc/lib/wii\libwiiuse.a(wpad.o)
                0x80007664                WPAD_ReadPending
 .text.WPAD_Shutdown
                0x80007804      0x114 C:/devkitPro/libogc/lib/wii\libwiiuse.a(wpad.o)
                0x80007804                WPAD_Shutdown
 .text.WPAD_Init
                0x80007918      0x2c4 C:/devkitPro/libogc/lib/wii\libwiiuse.a(wpad.o)
                0x80007918                WPAD_Init
 .text.__wpad_onreset
                0x80007bdc       0x34 C:/devkitPro/libogc/lib/wii\libwiiuse.a(wpad.o)
 .text.WPAD_ScanPads
                0x80007c10       0x90 C:/devkitPro/libogc/lib/wii\libwiiuse.a(wpad.o)
                0x80007c10                WPAD_ScanPads
 .text.WPAD_ButtonsDown
                0x80007ca0       0x28 C:/devkitPro/libogc/lib/wii\libwiiuse.a(wpad.o)
                0x80007ca0                WPAD_ButtonsDown
 .text.motion_plus_disconnected
                0x80007cc8       0x10 C:/devkitPro/libogc/lib/wii\libwiiuse.a(motion_plus.o)
                0x80007cc8                motion_plus_disconnected
 .text.motion_plus_event
                0x80007cd8       0x64 C:/devkitPro/libogc/lib/wii\libwiiuse.a(motion_plus.o)
                0x80007cd8                motion_plus_event
 .text.calculate_gforce
                0x80007d3c      0x114 C:/devkitPro/libogc/lib/wii\libwiiuse.a(dynamics.o)
                0x80007d3c                calculate_gforce
 .text.calc_joystick_state
                0x80007e50      0x210 C:/devkitPro/libogc/lib/wii\libwiiuse.a(dynamics.o)
                0x80007e50                calc_joystick_state
 .text.apply_smoothing
                0x80008060      0x140 C:/devkitPro/libogc/lib/wii\libwiiuse.a(dynamics.o)
                0x80008060                apply_smoothing
 .text.calculate_orientation
                0x800081a0      0x340 C:/devkitPro/libogc/lib/wii\libwiiuse.a(dynamics.o)
                0x800081a0                calculate_orientation
 .text.calc_balanceboard_state
                0x800084e0      0x3a4 C:/devkitPro/libogc/lib/wii\libwiiuse.a(dynamics.o)
                0x800084e0                calc_balanceboard_state
 .text.wiiuse_handshake
                0x80008884      0x27c C:/devkitPro/libogc/lib/wii\libwiiuse.a(io.o)
                0x80008884                wiiuse_handshake
 .text.wiiuse_handshake_expansion
                0x80008b00      0x1f0 C:/devkitPro/libogc/lib/wii\libwiiuse.a(io.o)
                0x80008b00                wiiuse_handshake_expansion
 .text.wiiuse_handshake_expansion_start
                0x80008cf0       0x5c C:/devkitPro/libogc/lib/wii\libwiiuse.a(io.o)
                0x80008cf0                wiiuse_handshake_expansion_start
 .text.wiiuse_disable_expansion
                0x80008d4c      0x1b0 C:/devkitPro/libogc/lib/wii\libwiiuse.a(io.o)
                0x80008d4c                wiiuse_disable_expansion
 .text.__wiiuse_connected
                0x80008efc       0x9c C:/devkitPro/libogc/lib/wii\libwiiuse.a(io_wii.o)
 .text.__wiiuse_disconnected
                0x80008f98       0xb4 C:/devkitPro/libogc/lib/wii\libwiiuse.a(io_wii.o)
 .text.__wiiuse_receive
                0x8000904c       0xd0 C:/devkitPro/libogc/lib/wii\libwiiuse.a(io_wii.o)
 .text.__wiiuse_sensorbar_enable
                0x8000911c       0x54 C:/devkitPro/libogc/lib/wii\libwiiuse.a(io_wii.o)
                0x8000911c                __wiiuse_sensorbar_enable
 .text.wiiuse_register
                0x80009170       0xf0 C:/devkitPro/libogc/lib/wii\libwiiuse.a(io_wii.o)
                0x80009170                wiiuse_register
 .text.wiiuse_disconnect
                0x80009260       0x24 C:/devkitPro/libogc/lib/wii\libwiiuse.a(io_wii.o)
                0x80009260                wiiuse_disconnect
 .text.wiiuse_init_cmd_queue
                0x80009284       0x9c C:/devkitPro/libogc/lib/wii\libwiiuse.a(io_wii.o)
                0x80009284                wiiuse_init_cmd_queue
 .text.wiiuse_io_write
                0x80009320       0x1c C:/devkitPro/libogc/lib/wii\libwiiuse.a(io_wii.o)
                0x80009320                wiiuse_io_write
 .text.rotate_dots
                0x8000933c      0x13c C:/devkitPro/libogc/lib/wii\libwiiuse.a(ir.o)
 .text.get_ir_sens.constprop.0.isra.0
                0x80009478       0xdc C:/devkitPro/libogc/lib/wii\libwiiuse.a(ir.o)
 .text.wiiuse_set_ir_mode
                0x80009554       0x5c C:/devkitPro/libogc/lib/wii\libwiiuse.a(ir.o)
                0x80009554                wiiuse_set_ir_mode
 .text.wiiuse_set_ir
                0x800095b0      0x204 C:/devkitPro/libogc/lib/wii\libwiiuse.a(ir.o)
                0x800095b0                wiiuse_set_ir
 .text.wiiuse_set_ir_position
                0x800097b4       0x80 C:/devkitPro/libogc/lib/wii\libwiiuse.a(ir.o)
                0x800097b4                wiiuse_set_ir_position
 .text.wiiuse_set_aspect_ratio
                0x80009834       0xac C:/devkitPro/libogc/lib/wii\libwiiuse.a(ir.o)
                0x80009834                wiiuse_set_aspect_ratio
 .text.wiiuse_set_ir_sensitivity
                0x800098e0       0xe4 C:/devkitPro/libogc/lib/wii\libwiiuse.a(ir.o)
                0x800098e0                wiiuse_set_ir_sensitivity
 .text.calculate_basic_ir
                0x800099c4       0xe8 C:/devkitPro/libogc/lib/wii\libwiiuse.a(ir.o)
                0x800099c4                calculate_basic_ir
 .text.calculate_extended_ir
                0x80009aac       0x64 C:/devkitPro/libogc/lib/wii\libwiiuse.a(ir.o)
                0x80009aac                calculate_extended_ir
 .text.find_sensorbar
                0x80009b10      0xa00 C:/devkitPro/libogc/lib/wii\libwiiuse.a(ir.o)
                0x80009b10                find_sensorbar
 .text.apply_ir_smoothing
                0x8000a510      0x124 C:/devkitPro/libogc/lib/wii\libwiiuse.a(ir.o)
                0x8000a510                apply_ir_smoothing
 .text.interpret_ir_data
                0x8000a634      0x3c8 C:/devkitPro/libogc/lib/wii\libwiiuse.a(ir.o)
                0x8000a634                interpret_ir_data
 .text.nunchuk_handshake
                0x8000a9fc      0x31c C:/devkitPro/libogc/lib/wii\libwiiuse.a(nunchuk.o)
                0x8000a9fc                nunchuk_handshake
 .text.nunchuk_disconnected
                0x8000ad18        0xc C:/devkitPro/libogc/lib/wii\libwiiuse.a(nunchuk.o)
                0x8000ad18                nunchuk_disconnected
 .text.nunchuk_event
                0x8000ad24       0xe8 C:/devkitPro/libogc/lib/wii\libwiiuse.a(nunchuk.o)
                0x8000ad24                nunchuk_event
 .text.wii_board_handshake
                0x8000ae0c      0x284 C:/devkitPro/libogc/lib/wii\libwiiuse.a(wiiboard.o)
                0x8000ae0c                wii_board_handshake
 .text.wii_board_disconnected
                0x8000b090        0xc C:/devkitPro/libogc/lib/wii\libwiiuse.a(wiiboard.o)
                0x8000b090                wii_board_disconnected
 .text.wii_board_event
                0x8000b09c       0x24 C:/devkitPro/libogc/lib/wii\libwiiuse.a(wiiboard.o)
                0x8000b09c                wii_board_event
 .text.wiiuse_send_next_command
                0x8000b0c0       0x58 C:/devkitPro/libogc/lib/wii\libwiiuse.a(wiiuse.o)
                0x8000b0c0                wiiuse_send_next_command
 .text.wiiuse_init
                0x8000b118      0x208 C:/devkitPro/libogc/lib/wii\libwiiuse.a(wiiuse.o)
                0x8000b118                wiiuse_init
 .text.wiiuse_set_flags
                0x8000b320       0x28 C:/devkitPro/libogc/lib/wii\libwiiuse.a(wiiuse.o)
                0x8000b320                wiiuse_set_flags
 .text.wiiuse_read_data
                0x8000b348      0x154 C:/devkitPro/libogc/lib/wii\libwiiuse.a(wiiuse.o)
                0x8000b348                wiiuse_read_data
 .text.wiiuse_write_data
                0x8000b49c      0x18c C:/devkitPro/libogc/lib/wii\libwiiuse.a(wiiuse.o)
                0x8000b49c                wiiuse_write_data
 .text.wiiuse_sendcmd
                0x8000b628      0x144 C:/devkitPro/libogc/lib/wii\libwiiuse.a(wiiuse.o)
                0x8000b628                wiiuse_sendcmd
 .text.wiiuse_set_leds
                0x8000b76c       0x50 C:/devkitPro/libogc/lib/wii\libwiiuse.a(wiiuse.o)
                0x8000b76c                wiiuse_set_leds
 .text.wiiuse_set_report_type
                0x8000b7bc       0xb0 C:/devkitPro/libogc/lib/wii\libwiiuse.a(wiiuse.o)
                0x8000b7bc                wiiuse_set_report_type
 .text.wiiuse_status
                0x8000b86c       0x4c C:/devkitPro/libogc/lib/wii\libwiiuse.a(wiiuse.o)
                0x8000b86c                wiiuse_status
 .text.wiiuse_motion_sensing
                0x8000b8b8       0x84 C:/devkitPro/libogc/lib/wii\libwiiuse.a(wiiuse.o)
                0x8000b8b8                wiiuse_motion_sensing
 .text.wiiuse_set_speaker
                0x8000b93c      0x24c C:/devkitPro/libogc/lib/wii\libwiiuse.a(speaker.o)
                0x8000b93c                wiiuse_set_speaker
 .text.classic_ctrl_handshake
                0x8000bb88      0x410 C:/devkitPro/libogc/lib/wii\libwiiuse.a(classic.o)
                0x8000bb88                classic_ctrl_handshake
 .text.classic_ctrl_disconnected
                0x8000bf98        0xc C:/devkitPro/libogc/lib/wii\libwiiuse.a(classic.o)
                0x8000bf98                classic_ctrl_disconnected
 .text.classic_ctrl_event
                0x8000bfa4      0x15c C:/devkitPro/libogc/lib/wii\libwiiuse.a(classic.o)
                0x8000bfa4                classic_ctrl_event
 .text.handle_expansion
                0x8000c100       0x54 C:/devkitPro/libogc/lib/wii\libwiiuse.a(events.o)
 .text.parse_event
                0x8000c154      0x730 C:/devkitPro/libogc/lib/wii\libwiiuse.a(events.o)
                0x8000c154                parse_event
 .text.guitar_hero_3_handshake
                0x8000c884       0x5c C:/devkitPro/libogc/lib/wii\libwiiuse.a(guitar_hero_3.o)
                0x8000c884                guitar_hero_3_handshake
 .text.guitar_hero_3_disconnected
                0x8000c8e0        0xc C:/devkitPro/libogc/lib/wii\libwiiuse.a(guitar_hero_3.o)
                0x8000c8e0                guitar_hero_3_disconnected
 .text.guitar_hero_3_event
                0x8000c8ec       0x60 C:/devkitPro/libogc/lib/wii\libwiiuse.a(guitar_hero_3.o)
                0x8000c8ec                guitar_hero_3_event
 .text.acl_wlp_completed
                0x8000c94c        0x8 C:/devkitPro/libogc/lib/wii\libbte.a(bte.o)
                0x8000c94c                acl_wlp_completed
 .text.bt_alarmhandler
                0x8000c954       0x58 C:/devkitPro/libogc/lib/wii\libbte.a(bte.o)
 .text.__bte_send_pending_request
                0x8000c9ac      0x108 C:/devkitPro/libogc/lib/wii\libbte.a(bte.o)
 .text.acl_conn_complete
                0x8000cab4       0x2c C:/devkitPro/libogc/lib/wii\libbte.a(bte.o)
                0x8000cab4                acl_conn_complete
 .text.l2cap_accepted
                0x8000cae0      0x134 C:/devkitPro/libogc/lib/wii\libbte.a(bte.o)
                0x8000cae0                l2cap_accepted
 .text.l2cap_disconnect_cfm
                0x8000cc14      0x19c C:/devkitPro/libogc/lib/wii\libbte.a(bte.o)
                0x8000cc14                l2cap_disconnect_cfm
 .text.bte_process_input
                0x8000cdb0      0x128 C:/devkitPro/libogc/lib/wii\libbte.a(bte.o)
 .text.l2cap_disconnected_ind
                0x8000ced8      0x1a4 C:/devkitPro/libogc/lib/wii\libbte.a(bte.o)
                0x8000ced8                l2cap_disconnected_ind
 .text.__bte_shutdown_finished
                0x8000d07c       0xe0 C:/devkitPro/libogc/lib/wii\libbte.a(bte.o)
 .text.bte_hci_apply_patch_complete
                0x8000d15c      0x164 C:/devkitPro/libogc/lib/wii\libbte.a(bte.o)
                0x8000d15c                bte_hci_apply_patch_complete
 .text.bte_hci_patch_complete
                0x8000d2c0      0x380 C:/devkitPro/libogc/lib/wii\libbte.a(bte.o)
                0x8000d2c0                bte_hci_patch_complete
 .text.bte_hci_initcore_complete
                0x8000d640      0x280 C:/devkitPro/libogc/lib/wii\libbte.a(bte.o)
                0x8000d640                bte_hci_initcore_complete
 .text.bte_read_stored_link_key_complete
                0x8000d8c0      0x27c C:/devkitPro/libogc/lib/wii\libbte.a(bte.o)
                0x8000d8c0                bte_read_stored_link_key_complete
 .text.bte_hci_initcore_complete2
                0x8000db3c      0x22c C:/devkitPro/libogc/lib/wii\libbte.a(bte.o)
 .text.bte_hci_initsub_complete
                0x8000dd68      0x280 C:/devkitPro/libogc/lib/wii\libbte.a(bte.o)
                0x8000dd68                bte_hci_initsub_complete
 .text.BTE_Init
                0x8000dfe8      0x138 C:/devkitPro/libogc/lib/wii\libbte.a(bte.o)
                0x8000dfe8                BTE_Init
 .text.BTE_Shutdown
                0x8000e120      0x100 C:/devkitPro/libogc/lib/wii\libbte.a(bte.o)
                0x8000e120                BTE_Shutdown
 .text.BTE_InitCore
                0x8000e220       0x8c C:/devkitPro/libogc/lib/wii\libbte.a(bte.o)
                0x8000e220                BTE_InitCore
 .text.BTE_ApplyPatch
                0x8000e2ac       0xa4 C:/devkitPro/libogc/lib/wii\libbte.a(bte.o)
                0x8000e2ac                BTE_ApplyPatch
 .text.BTE_InitSub
                0x8000e350       0x90 C:/devkitPro/libogc/lib/wii\libbte.a(bte.o)
                0x8000e350                BTE_InitSub
 .text.BTE_ReadStoredLinkKey
                0x8000e3e0       0x90 C:/devkitPro/libogc/lib/wii\libbte.a(bte.o)
                0x8000e3e0                BTE_ReadStoredLinkKey
 .text.BTE_SetDisconnectCallback
                0x8000e470        0x4 C:/devkitPro/libogc/lib/wii\libbte.a(bte.o)
                0x8000e470                BTE_SetDisconnectCallback
 .text.bte_new  0x8000e474       0x54 C:/devkitPro/libogc/lib/wii\libbte.a(bte.o)
                0x8000e474                bte_new
 .text.bte_registerdeviceasync
                0x8000e4c8      0x158 C:/devkitPro/libogc/lib/wii\libbte.a(bte.o)
                0x8000e4c8                bte_registerdeviceasync
 .text.bte_disconnect
                0x8000e620       0xd8 C:/devkitPro/libogc/lib/wii\libbte.a(bte.o)
                0x8000e620                bte_disconnect
 .text.bte_senddata
                0x8000e6f8      0x104 C:/devkitPro/libogc/lib/wii\libbte.a(bte.o)
                0x8000e6f8                bte_senddata
 .text.bte_arg  0x8000e7fc       0x38 C:/devkitPro/libogc/lib/wii\libbte.a(bte.o)
                0x8000e7fc                bte_arg
 .text.bte_received
                0x8000e834       0x38 C:/devkitPro/libogc/lib/wii\libbte.a(bte.o)
                0x8000e834                bte_received
 .text.bte_disconnected
                0x8000e86c       0x38 C:/devkitPro/libogc/lib/wii\libbte.a(bte.o)
                0x8000e86c                bte_disconnected
 .text.hci_get_link
                0x8000e8a4       0x84 C:/devkitPro/libogc/lib/wii\libbte.a(hci.o)
 .text.hci_init
                0x8000e928       0x80 C:/devkitPro/libogc/lib/wii\libbte.a(hci.o)
                0x8000e928                hci_init
 .text.hci_close
                0x8000e9a8       0xd0 C:/devkitPro/libogc/lib/wii\libbte.a(hci.o)
                0x8000e9a8                hci_close
 .text.hci_reset_all
                0x8000ea78       0xb8 C:/devkitPro/libogc/lib/wii\libbte.a(hci.o)
                0x8000ea78                hci_reset_all
 .text.hci_arg  0x8000eb30        0xc C:/devkitPro/libogc/lib/wii\libbte.a(hci.o)
                0x8000eb30                hci_arg
 .text.hci_cmd_complete
                0x8000eb3c        0xc C:/devkitPro/libogc/lib/wii\libbte.a(hci.o)
                0x8000eb3c                hci_cmd_complete
 .text.hci_connection_complete
                0x8000eb48        0xc C:/devkitPro/libogc/lib/wii\libbte.a(hci.o)
                0x8000eb48                hci_connection_complete
 .text.hci_wlp_complete
                0x8000eb54        0xc C:/devkitPro/libogc/lib/wii\libbte.a(hci.o)
                0x8000eb54                hci_wlp_complete
 .text.hci_reset
                0x8000eb60       0xac C:/devkitPro/libogc/lib/wii\libbte.a(hci.o)
                0x8000eb60                hci_reset
 .text.hci_read_buffer_size
                0x8000ec0c       0xac C:/devkitPro/libogc/lib/wii\libbte.a(hci.o)
                0x8000ec0c                hci_read_buffer_size
 .text.hci_read_bd_addr
                0x8000ecb8       0xac C:/devkitPro/libogc/lib/wii\libbte.a(hci.o)
                0x8000ecb8                hci_read_bd_addr
 .text.hci_read_local_version
                0x8000ed64       0xa8 C:/devkitPro/libogc/lib/wii\libbte.a(hci.o)
                0x8000ed64                hci_read_local_version
 .text.hci_read_local_features
                0x8000ee0c       0xac C:/devkitPro/libogc/lib/wii\libbte.a(hci.o)
                0x8000ee0c                hci_read_local_features
 .text.hci_read_stored_link_key
                0x8000eeb8      0x100 C:/devkitPro/libogc/lib/wii\libbte.a(hci.o)
                0x8000eeb8                hci_read_stored_link_key
 .text.hci_write_page_timeout
                0x8000efb8       0xd0 C:/devkitPro/libogc/lib/wii\libbte.a(hci.o)
                0x8000efb8                hci_write_page_timeout
 .text.hci_write_scan_enable
                0x8000f088       0xbc C:/devkitPro/libogc/lib/wii\libbte.a(hci.o)
                0x8000f088                hci_write_scan_enable
 .text.hci_accecpt_conn_request
                0x8000f144       0xe0 C:/devkitPro/libogc/lib/wii\libbte.a(hci.o)
                0x8000f144                hci_accecpt_conn_request
 .text.hci_write_local_name
                0x8000f224       0xd8 C:/devkitPro/libogc/lib/wii\libbte.a(hci.o)
                0x8000f224                hci_write_local_name
 .text.hci_write_pin_type
                0x8000f2fc       0xbc C:/devkitPro/libogc/lib/wii\libbte.a(hci.o)
                0x8000f2fc                hci_write_pin_type
 .text.hci_write_inquiry_mode
                0x8000f3b8       0xbc C:/devkitPro/libogc/lib/wii\libbte.a(hci.o)
                0x8000f3b8                hci_write_inquiry_mode
 .text.hci_write_page_scan_type
                0x8000f474       0xbc C:/devkitPro/libogc/lib/wii\libbte.a(hci.o)
                0x8000f474                hci_write_page_scan_type
 .text.hci_write_inquiry_scan_type
                0x8000f530       0xbc C:/devkitPro/libogc/lib/wii\libbte.a(hci.o)
                0x8000f530                hci_write_inquiry_scan_type
 .text.hci_vendor_specific_command
                0x8000f5ec       0xe8 C:/devkitPro/libogc/lib/wii\libbte.a(hci.o)
                0x8000f5ec                hci_vendor_specific_command
 .text.hci_write_link_policy_settings
                0x8000f6d4      0x104 C:/devkitPro/libogc/lib/wii\libbte.a(hci.o)
                0x8000f6d4                hci_write_link_policy_settings
 .text.hci_pin_code_request_neg_reply
                0x8000f7d8       0xcc C:/devkitPro/libogc/lib/wii\libbte.a(hci.o)
                0x8000f7d8                hci_pin_code_request_neg_reply
 .text.hci_link_key_req_neg_reply
                0x8000f8a4       0xcc C:/devkitPro/libogc/lib/wii\libbte.a(hci.o)
                0x8000f8a4                hci_link_key_req_neg_reply
 .text.hci_disconnect
                0x8000f970       0xfc C:/devkitPro/libogc/lib/wii\libbte.a(hci.o)
                0x8000f970                hci_disconnect
 .text.hci_write_cod
                0x8000fa6c       0xcc C:/devkitPro/libogc/lib/wii\libbte.a(hci.o)
                0x8000fa6c                hci_write_cod
 .text.hci_host_buffer_size
                0x8000fb38      0x10c C:/devkitPro/libogc/lib/wii\libbte.a(hci.o)
                0x8000fb38                hci_host_buffer_size
 .text.hci_host_num_comp_packets
                0x8000fc44      0x108 C:/devkitPro/libogc/lib/wii\libbte.a(hci.o)
                0x8000fc44                hci_host_num_comp_packets
 .text.lp_pdu_maxsize
                0x8000fd4c        0xc C:/devkitPro/libogc/lib/wii\libbte.a(hci.o)
                0x8000fd4c                lp_pdu_maxsize
 .text.lp_acl_write
                0x8000fd58      0x158 C:/devkitPro/libogc/lib/wii\libbte.a(hci.o)
                0x8000fd58                lp_acl_write
 .text.lp_write_flush_timeout
                0x8000feb0      0x104 C:/devkitPro/libogc/lib/wii\libbte.a(hci.o)
                0x8000feb0                lp_write_flush_timeout
 .text.hci_event_handler
                0x8000ffb4      0xc7c C:/devkitPro/libogc/lib/wii\libbte.a(hci.o)
                0x8000ffb4                hci_event_handler
 .text.hci_acldata_handler
                0x80010c30      0x11c C:/devkitPro/libogc/lib/wii\libbte.a(hci.o)
                0x80010c30                hci_acldata_handler
 .text.l2cap_init
                0x80010d4c       0x60 C:/devkitPro/libogc/lib/wii\libbte.a(l2cap.o)
                0x80010d4c                l2cap_init
 .text.l2cap_write
                0x80010dac      0x1a0 C:/devkitPro/libogc/lib/wii\libbte.a(l2cap.o)
                0x80010dac                l2cap_write
 .text.l2cap_new
                0x80010f4c       0x60 C:/devkitPro/libogc/lib/wii\libbte.a(l2cap.o)
                0x80010f4c                l2cap_new
 .text.l2cap_close
                0x80010fac      0x1d4 C:/devkitPro/libogc/lib/wii\libbte.a(l2cap.o)
                0x80010fac                l2cap_close
 .text.l2cap_reset_all
                0x80011180      0x154 C:/devkitPro/libogc/lib/wii\libbte.a(l2cap.o)
                0x80011180                l2cap_reset_all
 .text.l2cap_signal
                0x800112d4      0x204 C:/devkitPro/libogc/lib/wii\libbte.a(l2cap.o)
                0x800112d4                l2cap_signal
 .text.l2ca_config_req
                0x800114d8      0x158 C:/devkitPro/libogc/lib/wii\libbte.a(l2cap.o)
                0x800114d8                l2ca_config_req
 .text.l2ca_disconnect_req
                0x80011630       0xcc C:/devkitPro/libogc/lib/wii\libbte.a(l2cap.o)
                0x80011630                l2ca_disconnect_req
 .text.l2cap_tmr
                0x800116fc      0x260 C:/devkitPro/libogc/lib/wii\libbte.a(l2cap.o)
                0x800116fc                l2cap_tmr
 .text.l2cap_process_sig
                0x8001195c     0x1334 C:/devkitPro/libogc/lib/wii\libbte.a(l2cap.o)
                0x8001195c                l2cap_process_sig
 .text.l2cap_input
                0x80012c90      0x578 C:/devkitPro/libogc/lib/wii\libbte.a(l2cap.o)
                0x80012c90                l2cap_input
 .text.l2ca_datawrite
                0x80013208      0x128 C:/devkitPro/libogc/lib/wii\libbte.a(l2cap.o)
                0x80013208                l2ca_datawrite
 .text.lp_connect_cfm
                0x80013330      0x184 C:/devkitPro/libogc/lib/wii\libbte.a(l2cap.o)
                0x80013330                lp_connect_cfm
 .text.lp_connect_ind
                0x800134b4        0x4 C:/devkitPro/libogc/lib/wii\libbte.a(l2cap.o)
                0x800134b4                lp_connect_ind
 .text.lp_disconnect_ind
                0x800134b8      0x124 C:/devkitPro/libogc/lib/wii\libbte.a(l2cap.o)
                0x800134b8                lp_disconnect_ind
 .text.l2cap_disconnect_bb
                0x800135dc       0x10 C:/devkitPro/libogc/lib/wii\libbte.a(l2cap.o)
                0x800135dc                l2cap_disconnect_bb
 .text.l2cap_arg
                0x800135ec        0x8 C:/devkitPro/libogc/lib/wii\libbte.a(l2cap.o)
                0x800135ec                l2cap_arg
 .text.l2cap_connect_ind
                0x800135f4      0x104 C:/devkitPro/libogc/lib/wii\libbte.a(l2cap.o)
                0x800135f4                l2cap_connect_ind
 .text.l2cap_disconnect_ind
                0x800136f8        0x8 C:/devkitPro/libogc/lib/wii\libbte.a(l2cap.o)
                0x800136f8                l2cap_disconnect_ind
 .text.l2cap_recv
                0x80013700        0x8 C:/devkitPro/libogc/lib/wii\libbte.a(l2cap.o)
                0x80013700                l2cap_recv
 .text.btmemb_init
                0x80013708       0x24 C:/devkitPro/libogc/lib/wii\libbte.a(btmemb.o)
                0x80013708                btmemb_init
 .text.btmemb_alloc
                0x8001372c       0x98 C:/devkitPro/libogc/lib/wii\libbte.a(btmemb.o)
                0x8001372c                btmemb_alloc
 .text.btmemb_free
                0x800137c4      0x114 C:/devkitPro/libogc/lib/wii\libbte.a(btmemb.o)
                0x800137c4                btmemb_free
 .text.plug_holes
                0x800138d8       0xac C:/devkitPro/libogc/lib/wii\libbte.a(btmemr.o)
 .text.btmemr_init
                0x80013984       0xa4 C:/devkitPro/libogc/lib/wii\libbte.a(btmemr.o)
                0x80013984                btmemr_init
 .text.btmemr_malloc
                0x80013a28      0x17c C:/devkitPro/libogc/lib/wii\libbte.a(btmemr.o)
                0x80013a28                btmemr_malloc
 .text.btmemr_free
                0x80013ba4       0x98 C:/devkitPro/libogc/lib/wii\libbte.a(btmemr.o)
                0x80013ba4                btmemr_free
 .text.btmemr_realloc
                0x80013c3c      0x108 C:/devkitPro/libogc/lib/wii\libbte.a(btmemr.o)
                0x80013c3c                btmemr_realloc
 .text.btpbuf_init
                0x80013d44       0x28 C:/devkitPro/libogc/lib/wii\libbte.a(btpbuf.o)
                0x80013d44                btpbuf_init
 .text.btpbuf_free
                0x80013d6c      0x11c C:/devkitPro/libogc/lib/wii\libbte.a(btpbuf.o)
                0x80013d6c                btpbuf_free
 .text.btpbuf_alloc
                0x80013e88      0x250 C:/devkitPro/libogc/lib/wii\libbte.a(btpbuf.o)
                0x80013e88                btpbuf_alloc
 .text.btpbuf_realloc
                0x800140d8      0x110 C:/devkitPro/libogc/lib/wii\libbte.a(btpbuf.o)
                0x800140d8                btpbuf_realloc
 .text.btpbuf_header
                0x800141e8       0x84 C:/devkitPro/libogc/lib/wii\libbte.a(btpbuf.o)
                0x800141e8                btpbuf_header
 .text.btpbuf_ref
                0x8001426c       0x48 C:/devkitPro/libogc/lib/wii\libbte.a(btpbuf.o)
                0x8001426c                btpbuf_ref
 .text.btpbuf_chain
                0x800142b4       0x9c C:/devkitPro/libogc/lib/wii\libbte.a(btpbuf.o)
                0x800142b4                btpbuf_chain
 .text.btpbuf_dechain
                0x80014350       0x7c C:/devkitPro/libogc/lib/wii\libbte.a(btpbuf.o)
                0x80014350                btpbuf_dechain
 .text.btpbuf_take
                0x800143cc      0x13c C:/devkitPro/libogc/lib/wii\libbte.a(btpbuf.o)
                0x800143cc                btpbuf_take
 .text.__usb_closeCB
                0x80014508       0x10 C:/devkitPro/libogc/lib/wii\libbte.a(physbusif.o)
 .text.__writebulkmsgCB
                0x80014518       0x3c C:/devkitPro/libogc/lib/wii\libbte.a(physbusif.o)
 .text.__writectrlmsgCB
                0x80014554       0x3c C:/devkitPro/libogc/lib/wii\libbte.a(physbusif.o)
 .text.__issue_intrread.part.0
                0x80014590       0x80 C:/devkitPro/libogc/lib/wii\libbte.a(physbusif.o)
 .text.__readintrdataCB
                0x80014610      0x148 C:/devkitPro/libogc/lib/wii\libbte.a(physbusif.o)
 .text.__issue_bulkread.part.0
                0x80014758       0x80 C:/devkitPro/libogc/lib/wii\libbte.a(physbusif.o)
 .text.__readbulkdataCB
                0x800147d8      0x148 C:/devkitPro/libogc/lib/wii\libbte.a(physbusif.o)
 .text.physbusif_init
                0x80014920      0x1ec C:/devkitPro/libogc/lib/wii\libbte.a(physbusif.o)
                0x80014920                physbusif_init
 .text.physbusif_close
                0x80014b0c       0x20 C:/devkitPro/libogc/lib/wii\libbte.a(physbusif.o)
                0x80014b0c                physbusif_close
 .text.physbusif_shutdown
                0x80014b2c       0x24 C:/devkitPro/libogc/lib/wii\libbte.a(physbusif.o)
                0x80014b2c                physbusif_shutdown
 .text.physbusif_reset_all
                0x80014b50        0x4 C:/devkitPro/libogc/lib/wii\libbte.a(physbusif.o)
                0x80014b50                physbusif_reset_all
 .text.physbusif_output
                0x80014b54      0x1c4 C:/devkitPro/libogc/lib/wii\libbte.a(physbusif.o)
                0x80014b54                physbusif_output
 .text.__console_clear_line
                0x80014d18       0xb4 C:/devkitPro/libogc/lib/wii\libogc.a(console.o)
 .text.__console_clear
                0x80014dcc       0xbc C:/devkitPro/libogc/lib/wii\libogc.a(console.o)
 .text.__console_write
                0x80014e88      0x820 C:/devkitPro/libogc/lib/wii\libogc.a(console.o)
                0x80014e88                __console_write
 .text.__console_init
                0x800156a8      0x120 C:/devkitPro/libogc/lib/wii\libogc.a(console.o)
                0x800156a8                __console_init
 .text.CON_Init
                0x800157c8        0x4 C:/devkitPro/libogc/lib/wii\libogc.a(console.o)
                0x800157c8                CON_Init
 .text.CON_EnableGecko
                0x800157cc      0x100 C:/devkitPro/libogc/lib/wii\libogc.a(console.o)
                0x800157cc                CON_EnableGecko
 .text.__lwp_queue_initialize
                0x800158cc       0x98 C:/devkitPro/libogc/lib/wii\libogc.a(lwp_queue.o)
                0x800158cc                __lwp_queue_initialize
 .text.__lwp_queue_get
                0x80015964       0x74 C:/devkitPro/libogc/lib/wii\libogc.a(lwp_queue.o)
                0x80015964                __lwp_queue_get
 .text.__lwp_queue_append
                0x800159d8       0x4c C:/devkitPro/libogc/lib/wii\libogc.a(lwp_queue.o)
                0x800159d8                __lwp_queue_append
 .text.__syscall_getreent
                0x80015a24       0x24 C:/devkitPro/libogc/lib/wii\libogc.a(lwp_threads.o)
                0x80015a24                __syscall_getreent
 .text.__lwp_isr_in_progress
                0x80015a48        0x8 C:/devkitPro/libogc/lib/wii\libogc.a(lwp_threads.o)
                0x80015a48                __lwp_isr_in_progress
 .text.__thread_dispatch_fp
                0x80015a50       0x88 C:/devkitPro/libogc/lib/wii\libogc.a(lwp_threads.o)
                0x80015a50                __thread_dispatch_fp
 .text.__thread_dispatch
                0x80015ad8       0xf4 C:/devkitPro/libogc/lib/wii\libogc.a(lwp_threads.o)
                0x80015ad8                __thread_dispatch
 .text.__lwp_thread_resettimeslice
                0x80015bcc       0xb4 C:/devkitPro/libogc/lib/wii\libogc.a(lwp_threads.o)
                0x80015bcc                __lwp_thread_resettimeslice
 .text.__lwp_thread_tickle_timeslice
                0x80015c80       0xc8 C:/devkitPro/libogc/lib/wii\libogc.a(lwp_threads.o)
                0x80015c80                __lwp_thread_tickle_timeslice
 .text.__lwp_thread_setstate
                0x80015d48      0x16c C:/devkitPro/libogc/lib/wii\libogc.a(lwp_threads.o)
                0x80015d48                __lwp_thread_setstate
 .text.__lwp_thread_clearstate
                0x80015eb4       0xe4 C:/devkitPro/libogc/lib/wii\libogc.a(lwp_threads.o)
                0x80015eb4                __lwp_thread_clearstate
 .text.__lwp_thread_delayended
                0x80015f98       0x48 C:/devkitPro/libogc/lib/wii\libogc.a(lwp_threads.o)
                0x80015f98                __lwp_thread_delayended
 .text.__lwp_thread_suspend
                0x80015fe0      0x17c C:/devkitPro/libogc/lib/wii\libogc.a(lwp_threads.o)
                0x80015fe0                __lwp_thread_suspend
 .text.__lwp_thread_settransient
                0x8001615c       0xb4 C:/devkitPro/libogc/lib/wii\libogc.a(lwp_threads.o)
                0x8001615c                __lwp_thread_settransient
 .text.__lwp_thread_changepriority
                0x80016210      0x1f8 C:/devkitPro/libogc/lib/wii\libogc.a(lwp_threads.o)
                0x80016210                __lwp_thread_changepriority
 .text.__lwp_thread_resume
                0x80016408      0x12c C:/devkitPro/libogc/lib/wii\libogc.a(lwp_threads.o)
                0x80016408                __lwp_thread_resume
 .text.__lwp_thread_ready
                0x80016534       0xf0 C:/devkitPro/libogc/lib/wii\libogc.a(lwp_threads.o)
                0x80016534                __lwp_thread_ready
 .text.__lwp_thread_init
                0x80016624      0x160 C:/devkitPro/libogc/lib/wii\libogc.a(lwp_threads.o)
                0x80016624                __lwp_thread_init
 .text.__lwp_thread_close
                0x80016784      0x144 C:/devkitPro/libogc/lib/wii\libogc.a(lwp_threads.o)
                0x80016784                __lwp_thread_close
 .text.__lwp_thread_handler
                0x800168c8       0xc0 C:/devkitPro/libogc/lib/wii\libogc.a(lwp_threads.o)
 .text.__lwp_thread_closeall
                0x80016988       0xb0 C:/devkitPro/libogc/lib/wii\libogc.a(lwp_threads.o)
                0x80016988                __lwp_thread_closeall
 .text.__lwp_thread_start
                0x80016a38      0x150 C:/devkitPro/libogc/lib/wii\libogc.a(lwp_threads.o)
                0x80016a38                __lwp_thread_start
 .text.__lwp_thread_startmultitasking
                0x80016b88       0xac C:/devkitPro/libogc/lib/wii\libogc.a(lwp_threads.o)
                0x80016b88                __lwp_thread_startmultitasking
 .text.__lwp_thread_stopmultitasking
                0x80016c34       0x58 C:/devkitPro/libogc/lib/wii\libogc.a(lwp_threads.o)
                0x80016c34                __lwp_thread_stopmultitasking
 .text.__lwp_thread_coreinit
                0x80016c8c       0xc4 C:/devkitPro/libogc/lib/wii\libogc.a(lwp_threads.o)
                0x80016c8c                __lwp_thread_coreinit
 .text.idle_func
                0x80016d50        0x4 C:/devkitPro/libogc/lib/wii\libogc.a(lwp.o)
 .text.__lwp_sysinit
                0x80016d54      0x114 C:/devkitPro/libogc/lib/wii\libogc.a(lwp.o)
                0x80016d54                __lwp_sysinit
 .text.LWP_SuspendThread
                0x80016e68       0xc0 C:/devkitPro/libogc/lib/wii\libogc.a(lwp.o)
                0x80016e68                LWP_SuspendThread
 .text.LWP_ResumeThread
                0x80016f28       0xd0 C:/devkitPro/libogc/lib/wii\libogc.a(lwp.o)
                0x80016f28                LWP_ResumeThread
 .text.LWP_GetSelf
                0x80016ff8       0x28 C:/devkitPro/libogc/lib/wii\libogc.a(lwp.o)
                0x80016ff8                LWP_GetSelf
 .text.LWP_InitQueue
                0x80017020      0x140 C:/devkitPro/libogc/lib/wii\libogc.a(lwp.o)
                0x80017020                LWP_InitQueue
 .text.LWP_CloseQueue
                0x80017160       0xd4 C:/devkitPro/libogc/lib/wii\libogc.a(lwp.o)
                0x80017160                LWP_CloseQueue
 .text.LWP_ThreadSleep
                0x80017234       0xf8 C:/devkitPro/libogc/lib/wii\libogc.a(lwp.o)
                0x80017234                LWP_ThreadSleep
 .text.LWP_ThreadBroadcast
                0x8001732c       0x88 C:/devkitPro/libogc/lib/wii\libogc.a(lwp.o)
                0x8001732c                LWP_ThreadBroadcast
 .text.LWP_ThreadSignal
                0x800173b4       0x74 C:/devkitPro/libogc/lib/wii\libogc.a(lwp.o)
                0x800173b4                LWP_ThreadSignal
 .text.__lwp_stack_allocate
                0x80017428       0x60 C:/devkitPro/libogc/lib/wii\libogc.a(lwp_stack.o)
                0x80017428                __lwp_stack_allocate
 .text.__lwp_stack_free
                0x80017488       0x1c C:/devkitPro/libogc/lib/wii\libogc.a(lwp_stack.o)
                0x80017488                __lwp_stack_free
 .text.__lwp_wd_settimer
                0x800174a4       0xe0 C:/devkitPro/libogc/lib/wii\libogc.a(lwp_watchdog.o)
 .text.__lwp_watchdog_init
                0x80017584       0x2c C:/devkitPro/libogc/lib/wii\libogc.a(lwp_watchdog.o)
                0x80017584                __lwp_watchdog_init
 .text.__lwp_wd_insert
                0x800175b0      0x194 C:/devkitPro/libogc/lib/wii\libogc.a(lwp_watchdog.o)
                0x800175b0                __lwp_wd_insert
 .text.__lwp_wd_remove
                0x80017744      0x138 C:/devkitPro/libogc/lib/wii\libogc.a(lwp_watchdog.o)
                0x80017744                __lwp_wd_remove
 .text.__lwp_wd_tickle
                0x8001787c      0x120 C:/devkitPro/libogc/lib/wii\libogc.a(lwp_watchdog.o)
                0x8001787c                __lwp_wd_tickle
 .text.__lwp_wkspace_init
                0x8001799c       0xc0 C:/devkitPro/libogc/lib/wii\libogc.a(lwp_wkspace.o)
                0x8001799c                __lwp_wkspace_init
 .text.__lwp_objmgr_initinfo
                0x80017a5c      0x1a0 C:/devkitPro/libogc/lib/wii\libogc.a(lwp_objmgr.o)
                0x80017a5c                __lwp_objmgr_initinfo
 .text.__lwp_objmgr_getisrdisable
                0x80017bfc       0x60 C:/devkitPro/libogc/lib/wii\libogc.a(lwp_objmgr.o)
                0x80017bfc                __lwp_objmgr_getisrdisable
 .text.__lwp_objmgr_getnoprotection
                0x80017c5c       0x24 C:/devkitPro/libogc/lib/wii\libogc.a(lwp_objmgr.o)
                0x80017c5c                __lwp_objmgr_getnoprotection
 .text.__lwp_objmgr_get
                0x80017c80       0x6c C:/devkitPro/libogc/lib/wii\libogc.a(lwp_objmgr.o)
                0x80017c80                __lwp_objmgr_get
 .text.__lwp_objmgr_allocate
                0x80017cec       0x88 C:/devkitPro/libogc/lib/wii\libogc.a(lwp_objmgr.o)
                0x80017cec                __lwp_objmgr_allocate
 .text.__lwp_objmgr_free
                0x80017d74       0x60 C:/devkitPro/libogc/lib/wii\libogc.a(lwp_objmgr.o)
                0x80017d74                __lwp_objmgr_free
 .text.__lwp_heap_init
                0x80017dd4       0xa4 C:/devkitPro/libogc/lib/wii\libogc.a(lwp_heap.o)
                0x80017dd4                __lwp_heap_init
 .text.__lwp_heap_allocate
                0x80017e78      0x160 C:/devkitPro/libogc/lib/wii\libogc.a(lwp_heap.o)
                0x80017e78                __lwp_heap_allocate
 .text.__lwp_heap_free
                0x80017fd8      0x188 C:/devkitPro/libogc/lib/wii\libogc.a(lwp_heap.o)
                0x80017fd8                __lwp_heap_free
 .text.__SetInterrupts
                0x80018160      0x268 C:/devkitPro/libogc/lib/wii\libogc.a(irq.o)
 .text.c_irqdispatcher
                0x800183c8      0x278 C:/devkitPro/libogc/lib/wii\libogc.a(irq.o)
                0x800183c8                c_irqdispatcher
 .text.__UnmaskIrq
                0x80018640       0x84 C:/devkitPro/libogc/lib/wii\libogc.a(irq.o)
                0x80018640                __UnmaskIrq
 .text.__MaskIrq
                0x800186c4       0x84 C:/devkitPro/libogc/lib/wii\libogc.a(irq.o)
                0x800186c4                __MaskIrq
 .text.__irq_init
                0x80018748       0x9c C:/devkitPro/libogc/lib/wii\libogc.a(irq.o)
                0x80018748                __irq_init
 .text.IRQ_Request
                0x800187e4       0x50 C:/devkitPro/libogc/lib/wii\libogc.a(irq.o)
                0x800187e4                IRQ_Request
 .text.IRQ_GetHandler
                0x80018834       0x44 C:/devkitPro/libogc/lib/wii\libogc.a(irq.o)
                0x80018834                IRQ_GetHandler
 .text.IRQ_Disable
                0x80018878       0x1c C:/devkitPro/libogc/lib/wii\libogc.a(irq.o)
                0x80018878                IRQ_Disable
 .text.IRQ_Restore
                0x80018894       0x1c C:/devkitPro/libogc/lib/wii\libogc.a(irq.o)
                0x80018894                IRQ_Restore
 .text.__VISendI2CData.constprop.0.isra.0
                0x800188b0      0x450 C:/devkitPro/libogc/lib/wii\libogc.a(video.o)
 .text.__setFbbRegs.constprop.0
                0x80018d00      0x190 C:/devkitPro/libogc/lib/wii\libogc.a(video.o)
 .text.__VISetYUVSEL
                0x80018e90       0xb8 C:/devkitPro/libogc/lib/wii\libogc.a(video.o)
 .text.VIDEO_Configure
                0x80018f48      0x5ec C:/devkitPro/libogc/lib/wii\libogc.a(video.o)
                0x80018f48                VIDEO_Configure
 .text.VIDEO_WaitVSync
                0x80019534       0x74 C:/devkitPro/libogc/lib/wii\libogc.a(video.o)
                0x80019534                VIDEO_WaitVSync
 .text.VIDEO_SetFramebuffer
                0x800195a8      0x108 C:/devkitPro/libogc/lib/wii\libogc.a(video.o)
                0x800195a8                VIDEO_SetFramebuffer
 .text.VIDEO_SetNextFramebuffer
                0x800196b0       0x70 C:/devkitPro/libogc/lib/wii\libogc.a(video.o)
                0x800196b0                VIDEO_SetNextFramebuffer
 .text.VIDEO_Flush
                0x80019720       0xf4 C:/devkitPro/libogc/lib/wii\libogc.a(video.o)
                0x80019720                VIDEO_Flush
 .text.VIDEO_SetBlack
                0x80019814      0x15c C:/devkitPro/libogc/lib/wii\libogc.a(video.o)
                0x80019814                VIDEO_SetBlack
 .text.VIDEO_GetCurrentTvMode
                0x80019970       0x78 C:/devkitPro/libogc/lib/wii\libogc.a(video.o)
                0x80019970                VIDEO_GetCurrentTvMode
 .text.__VIRetraceHandler
                0x800199e8      0x298 C:/devkitPro/libogc/lib/wii\libogc.a(video.o)
 .text.__VISetupEncoder
                0x80019c80      0x2cc C:/devkitPro/libogc/lib/wii\libogc.a(video.o)
 .text.VIDEO_Init
                0x80019f4c      0x4e4 C:/devkitPro/libogc/lib/wii\libogc.a(video.o)
                0x80019f4c                VIDEO_Init
 .text.VIDEO_GetPreferredMode
                0x8001a430      0x108 C:/devkitPro/libogc/lib/wii\libogc.a(video.o)
                0x8001a430                VIDEO_GetPreferredMode
 .text.VIDEO_GetCurrentLine
                0x8001a538       0x9c C:/devkitPro/libogc/lib/wii\libogc.a(video.o)
                0x8001a538                VIDEO_GetCurrentLine
 .text.VIDEO_GetFrameBufferSize
                0x8001a5d4       0x34 C:/devkitPro/libogc/lib/wii\libogc.a(video.o)
                0x8001a5d4                VIDEO_GetFrameBufferSize
 .text.VIDEO_ClearFrameBuffer
                0x8001a608       0x3c C:/devkitPro/libogc/lib/wii\libogc.a(video.o)
                0x8001a608                VIDEO_ClearFrameBuffer
 .text.__call_resetfuncs
                0x8001a644       0xbc C:/devkitPro/libogc/lib/wii\libogc.a(system.o)
 .text.__MEMInterruptHandler
                0x8001a700       0x14 C:/devkitPro/libogc/lib/wii\libogc.a(system.o)
 .text.__RSWDefaultHandler
                0x8001a714        0x4 C:/devkitPro/libogc/lib/wii\libogc.a(system.o)
 .text.__POWDefaultHandler
                0x8001a718        0x4 C:/devkitPro/libogc/lib/wii\libogc.a(system.o)
 .text.__STMEventHandler
                0x8001a71c      0x104 C:/devkitPro/libogc/lib/wii\libogc.a(system.o)
 .text.__getrtc
                0x8001a820      0x13c C:/devkitPro/libogc/lib/wii\libogc.a(system.o)
 .text.__sram_write
                0x8001a95c      0x130 C:/devkitPro/libogc/lib/wii\libogc.a(system.o)
 .text.__sram_writecallback
                0x8001aa8c       0x54 C:/devkitPro/libogc/lib/wii\libogc.a(system.o)
 .text.__mem_onreset
                0x8001aae0       0x48 C:/devkitPro/libogc/lib/wii\libogc.a(system.o)
 .text.__unlocksram
                0x8001ab28      0x174 C:/devkitPro/libogc/lib/wii\libogc.a(system.o)
 .text.__sys_alarmhandler
                0x8001ac9c      0x154 C:/devkitPro/libogc/lib/wii\libogc.a(system.o)
 .text.__syscall_malloc_lock
                0x8001adf0        0x4 C:/devkitPro/libogc/lib/wii\libogc.a(system.o)
                0x8001adf0                __syscall_malloc_lock
 .text.__syscall_malloc_unlock
                0x8001adf4        0x4 C:/devkitPro/libogc/lib/wii\libogc.a(system.o)
                0x8001adf4                __syscall_malloc_unlock
 .text.__syscall_nanosleep
                0x8001adf8        0x4 C:/devkitPro/libogc/lib/wii\libogc.a(system.o)
                0x8001adf8                __syscall_nanosleep
 .text.__SYS_GetRTC
                0x8001adfc       0xa0 C:/devkitPro/libogc/lib/wii\libogc.a(system.o)
                0x8001adfc                __SYS_GetRTC
 .text.__SYS_SetBootTime
                0x8001ae9c      0x108 C:/devkitPro/libogc/lib/wii\libogc.a(system.o)
                0x8001ae9c                __SYS_SetBootTime
 .text.__SYS_GetIPCBufferLo
                0x8001afa4        0x8 C:/devkitPro/libogc/lib/wii\libogc.a(system.o)
                0x8001afa4                __SYS_GetIPCBufferLo
 .text.__SYS_GetIPCBufferHi
                0x8001afac        0x8 C:/devkitPro/libogc/lib/wii\libogc.a(system.o)
                0x8001afac                __SYS_GetIPCBufferHi
 .text.__SYS_DoPowerCB
                0x8001afb4       0x74 C:/devkitPro/libogc/lib/wii\libogc.a(system.o)
                0x8001afb4                __SYS_DoPowerCB
 .text.__SYS_PreInit
                0x8001b028        0x4 C:/devkitPro/libogc/lib/wii\libogc.a(system.o)
                0x8001b028                __SYS_PreInit
 .text.SYS_PreMain
                0x8001b02c       0x7c C:/devkitPro/libogc/lib/wii\libogc.a(system.o)
                0x8001b02c                SYS_PreMain
 .text.SYS_ResetButtonDown
                0x8001b0a8       0x18 C:/devkitPro/libogc/lib/wii\libogc.a(system.o)
                0x8001b0a8                SYS_ResetButtonDown
 .text.SYS_ResetSystem
                0x8001b0c0      0x210 C:/devkitPro/libogc/lib/wii\libogc.a(system.o)
                0x8001b0c0                SYS_ResetSystem
 .text.__reload
                0x8001b2d0       0x80 C:/devkitPro/libogc/lib/wii\libogc.a(system.o)
                0x8001b2d0                __reload
 .text.__syscall_exit
                0x8001b350       0x88 C:/devkitPro/libogc/lib/wii\libogc.a(system.o)
                0x8001b350                __syscall_exit
 .text.SYS_RegisterResetFunc
                0x8001b3d8       0x78 C:/devkitPro/libogc/lib/wii\libogc.a(system.o)
                0x8001b3d8                SYS_RegisterResetFunc
 .text.SYS_SetArena1Lo
                0x8001b450       0x38 C:/devkitPro/libogc/lib/wii\libogc.a(system.o)
                0x8001b450                SYS_SetArena1Lo
 .text.SYS_GetArena1Lo
                0x8001b488       0x38 C:/devkitPro/libogc/lib/wii\libogc.a(system.o)
                0x8001b488                SYS_GetArena1Lo
 .text.SYS_GetArena1Hi
                0x8001b4c0       0x38 C:/devkitPro/libogc/lib/wii\libogc.a(system.o)
                0x8001b4c0                SYS_GetArena1Hi
 .text.SYS_SetArena2Lo
                0x8001b4f8       0x38 C:/devkitPro/libogc/lib/wii\libogc.a(system.o)
                0x8001b4f8                SYS_SetArena2Lo
 .text.SYS_GetArena2Lo
                0x8001b530       0x38 C:/devkitPro/libogc/lib/wii\libogc.a(system.o)
                0x8001b530                SYS_GetArena2Lo
 .text.SYS_SetArena2Hi
                0x8001b568       0x38 C:/devkitPro/libogc/lib/wii\libogc.a(system.o)
                0x8001b568                SYS_SetArena2Hi
 .text.SYS_GetArena2Hi
                0x8001b5a0       0x38 C:/devkitPro/libogc/lib/wii\libogc.a(system.o)
                0x8001b5a0                SYS_GetArena2Hi
 .text.SYS_AllocateFramebuffer
                0x8001b5d8       0x28 C:/devkitPro/libogc/lib/wii\libogc.a(system.o)
                0x8001b5d8                SYS_AllocateFramebuffer
 .text.SYS_CreateAlarm
                0x8001b600       0xf0 C:/devkitPro/libogc/lib/wii\libogc.a(system.o)
                0x8001b600                SYS_CreateAlarm
 .text.SYS_SetAlarm
                0x8001b6f0      0x1e0 C:/devkitPro/libogc/lib/wii\libogc.a(system.o)
                0x8001b6f0                SYS_SetAlarm
 .text.SYS_SetPeriodicAlarm
                0x8001b8d0      0x270 C:/devkitPro/libogc/lib/wii\libogc.a(system.o)
                0x8001b8d0                SYS_SetPeriodicAlarm
 .text.SYS_RemoveAlarm
                0x8001bb40      0x10c C:/devkitPro/libogc/lib/wii\libogc.a(system.o)
                0x8001bb40                SYS_RemoveAlarm
 .text.SYS_CancelAlarm
                0x8001bc4c       0xbc C:/devkitPro/libogc/lib/wii\libogc.a(system.o)
                0x8001bc4c                SYS_CancelAlarm
 .text.SYS_GetWirelessID
                0x8001bd08       0x94 C:/devkitPro/libogc/lib/wii\libogc.a(system.o)
                0x8001bd08                SYS_GetWirelessID
 .text.SYS_SetWirelessID
                0x8001bd9c       0x90 C:/devkitPro/libogc/lib/wii\libogc.a(system.o)
                0x8001bd9c                SYS_SetWirelessID
 .text.SYS_SetGBSMode
                0x8001be2c       0xa8 C:/devkitPro/libogc/lib/wii\libogc.a(system.o)
                0x8001be2c                SYS_SetGBSMode
 .text.__sram_init
                0x8001bed4      0x1b8 C:/devkitPro/libogc/lib/wii\libogc.a(system.o)
                0x8001bed4                __sram_init
 .text.SYS_Init
                0x8001c08c      0x5e8 C:/devkitPro/libogc/lib/wii\libogc.a(system.o)
                0x8001c08c                SYS_Init
 .text.SYS_GetHollywoodRevision
                0x8001c674       0x3c C:/devkitPro/libogc/lib/wii\libogc.a(system.o)
                0x8001c674                SYS_GetHollywoodRevision
 .text.SYS_Time
                0x8001c6b0       0x78 C:/devkitPro/libogc/lib/wii\libogc.a(system.o)
                0x8001c6b0                SYS_Time
 .text.__lwp_cond_init
                0x8001c728       0x14 C:/devkitPro/libogc/lib/wii\libogc.a(cond.o)
                0x8001c728                __lwp_cond_init
 .text.__GX_InitRevBits
                0x8001c73c       0x98 C:/devkitPro/libogc/lib/wii\libogc.a(gx.o)
 .text.__GXTokenInterruptHandler
                0x8001c7d4       0x6c C:/devkitPro/libogc/lib/wii\libogc.a(gx.o)
 .text.__GXDefTexRegionCallback
                0x8001c840       0x80 C:/devkitPro/libogc/lib/wii\libogc.a(gx.o)
 .text.__GXDefTlutRegionCallback
                0x8001c8c0       0x18 C:/devkitPro/libogc/lib/wii\libogc.a(gx.o)
 .text.__SetSURegs
                0x8001c8d8       0x90 C:/devkitPro/libogc/lib/wii\libogc.a(gx.o)
 .text.__GXCPInterruptHandler
                0x8001c968      0x17c C:/devkitPro/libogc/lib/wii\libogc.a(gx.o)
 .text.__GXFinishInterruptHandler
                0x8001cae4       0x58 C:/devkitPro/libogc/lib/wii\libogc.a(gx.o)
 .text.__GX_SetDirtyState
                0x8001cb3c      0x610 C:/devkitPro/libogc/lib/wii\libogc.a(gx.o)
 .text.GX_SetCPUFifo
                0x8001d14c      0x244 C:/devkitPro/libogc/lib/wii\libogc.a(gx.o)
                0x8001d14c                GX_SetCPUFifo
 .text.GX_SetGPFifo
                0x8001d390      0x2ec C:/devkitPro/libogc/lib/wii\libogc.a(gx.o)
                0x8001d390                GX_SetGPFifo
 .text.GX_AbortFrame
                0x8001d67c      0x3d8 C:/devkitPro/libogc/lib/wii\libogc.a(gx.o)
                0x8001d67c                GX_AbortFrame
 .text.__gx_onreset
                0x8001da54       0x7c C:/devkitPro/libogc/lib/wii\libogc.a(gx.o)
 .text.GX_DrawDone
                0x8001dad0       0xf8 C:/devkitPro/libogc/lib/wii\libogc.a(gx.o)
                0x8001dad0                GX_DrawDone
 .text.GX_SetViewport
                0x8001dbc8       0x78 C:/devkitPro/libogc/lib/wii\libogc.a(gx.o)
                0x8001dbc8                GX_SetViewport
 .text.GX_SetCopyClear
                0x8001dc40       0x4c C:/devkitPro/libogc/lib/wii\libogc.a(gx.o)
                0x8001dc40                GX_SetCopyClear
 .text.GX_SetDispCopyGamma
                0x8001dc8c       0x18 C:/devkitPro/libogc/lib/wii\libogc.a(gx.o)
                0x8001dc8c                GX_SetDispCopyGamma
 .text.GX_SetCopyFilter
                0x8001dca4      0x268 C:/devkitPro/libogc/lib/wii\libogc.a(gx.o)
                0x8001dca4                GX_SetCopyFilter
 .text.GX_SetDispCopyYScale
                0x8001df0c       0xf8 C:/devkitPro/libogc/lib/wii\libogc.a(gx.o)
                0x8001df0c                GX_SetDispCopyYScale
 .text.GX_SetDispCopyDst
                0x8001e004       0x20 C:/devkitPro/libogc/lib/wii\libogc.a(gx.o)
                0x8001e004                GX_SetDispCopyDst
 .text.GX_SetDispCopySrc
                0x8001e024       0x38 C:/devkitPro/libogc/lib/wii\libogc.a(gx.o)
                0x8001e024                GX_SetDispCopySrc
 .text.GX_CopyDisp
                0x8001e05c      0x124 C:/devkitPro/libogc/lib/wii\libogc.a(gx.o)
                0x8001e05c                GX_CopyDisp
 .text.GX_Begin
                0x8001e180       0x7c C:/devkitPro/libogc/lib/wii\libogc.a(gx.o)
                0x8001e180                GX_Begin
 .text.GX_SetZMode
                0x8001e1fc       0x38 C:/devkitPro/libogc/lib/wii\libogc.a(gx.o)
                0x8001e1fc                GX_SetZMode
 .text.GX_InvalidateTexAll
                0x8001e234       0x50 C:/devkitPro/libogc/lib/wii\libogc.a(gx.o)
                0x8001e234                GX_InvalidateTexAll
 .text.GX_SetBlendMode
                0x8001e284       0xcc C:/devkitPro/libogc/lib/wii\libogc.a(gx.o)
                0x8001e284                GX_SetBlendMode
 .text.GX_SetTevColorIn
                0x8001e350       0x44 C:/devkitPro/libogc/lib/wii\libogc.a(gx.o)
                0x8001e350                GX_SetTevColorIn
 .text.GX_SetTevAlphaIn
                0x8001e394       0x44 C:/devkitPro/libogc/lib/wii\libogc.a(gx.o)
                0x8001e394                GX_SetTevAlphaIn
 .text.GX_SetTevColorOp
                0x8001e3d8       0x98 C:/devkitPro/libogc/lib/wii\libogc.a(gx.o)
                0x8001e3d8                GX_SetTevColorOp
 .text.GX_SetTevAlphaOp
                0x8001e470       0x98 C:/devkitPro/libogc/lib/wii\libogc.a(gx.o)
                0x8001e470                GX_SetTevAlphaOp
 .text.GX_SetTevOp
                0x8001e508      0x16c C:/devkitPro/libogc/lib/wii\libogc.a(gx.o)
                0x8001e508                GX_SetTevOp
 .text.GX_SetCullMode
                0x8001e674       0x2c C:/devkitPro/libogc/lib/wii\libogc.a(gx.o)
                0x8001e674                GX_SetCullMode
 .text.GX_SetScissor
                0x8001e6a0       0x78 C:/devkitPro/libogc/lib/wii\libogc.a(gx.o)
                0x8001e6a0                GX_SetScissor
 .text.GX_SetTevOrder
                0x8001e718      0x17c C:/devkitPro/libogc/lib/wii\libogc.a(gx.o)
                0x8001e718                GX_SetTevOrder
 .text.GX_SetTevKColorSel
                0x8001e894       0x54 C:/devkitPro/libogc/lib/wii\libogc.a(gx.o)
                0x8001e894                GX_SetTevKColorSel
 .text.GX_SetTevKAlphaSel
                0x8001e8e8       0x54 C:/devkitPro/libogc/lib/wii\libogc.a(gx.o)
                0x8001e8e8                GX_SetTevKAlphaSel
 .text.GX_SetTevSwapModeTable
                0x8001e93c       0x64 C:/devkitPro/libogc/lib/wii\libogc.a(gx.o)
                0x8001e93c                GX_SetTevSwapModeTable
 .text.GX_SetFog
                0x8001e9a0      0x244 C:/devkitPro/libogc/lib/wii\libogc.a(gx.o)
                0x8001e9a0                GX_SetFog
 .text.GX_SetColorUpdate
                0x8001ebe4       0x30 C:/devkitPro/libogc/lib/wii\libogc.a(gx.o)
                0x8001ebe4                GX_SetColorUpdate
 .text.GX_SetAlphaUpdate
                0x8001ec14       0x30 C:/devkitPro/libogc/lib/wii\libogc.a(gx.o)
                0x8001ec14                GX_SetAlphaUpdate
 .text.GX_SetPixelFmt
                0x8001ec44       0xe0 C:/devkitPro/libogc/lib/wii\libogc.a(gx.o)
                0x8001ec44                GX_SetPixelFmt
 .text.GX_SetFieldMode
                0x8001ed24       0x58 C:/devkitPro/libogc/lib/wii\libogc.a(gx.o)
                0x8001ed24                GX_SetFieldMode
 .text.GX_SetGPMetric
                0x8001ed7c      0x7fc C:/devkitPro/libogc/lib/wii\libogc.a(gx.o)
                0x8001ed7c                GX_SetGPMetric
 .text.GX_Init  0x8001f578     0x1194 C:/devkitPro/libogc/lib/wii\libogc.a(gx.o)
                0x8001f578                GX_Init
 .text.__decrementer_init
                0x8002070c        0x4 C:/devkitPro/libogc/lib/wii\libogc.a(decrementer.o)
                0x8002070c                __decrementer_init
 .text.c_decrementer_handler
                0x80020710        0xc C:/devkitPro/libogc/lib/wii\libogc.a(decrementer.o)
                0x80020710                c_decrementer_handler
 .text.__lwp_mqbox_init
                0x8002071c       0x14 C:/devkitPro/libogc/lib/wii\libogc.a(message.o)
                0x8002071c                __lwp_mqbox_init
 .text.__si_transfer
                0x80020730      0x1a4 C:/devkitPro/libogc/lib/wii\libogc.a(si.o)
 .text.__si_alarmhandler
                0x800208d4       0xdc C:/devkitPro/libogc/lib/wii\libogc.a(si.o)
 .text.__si_completetransfer
                0x800209b0      0x1fc C:/devkitPro/libogc/lib/wii\libogc.a(si.o)
 .text.__si_transfernext
                0x80020bac       0xe0 C:/devkitPro/libogc/lib/wii\libogc.a(si.o)
 .text.SI_Busy  0x80020c8c       0x18 C:/devkitPro/libogc/lib/wii\libogc.a(si.o)
                0x80020c8c                SI_Busy
 .text.SI_IsChanBusy
                0x80020ca4       0x38 C:/devkitPro/libogc/lib/wii\libogc.a(si.o)
                0x80020ca4                SI_IsChanBusy
 .text.SI_SetXY
                0x80020cdc       0x64 C:/devkitPro/libogc/lib/wii\libogc.a(si.o)
                0x80020cdc                SI_SetXY
 .text.SI_EnablePolling
                0x80020d40       0x80 C:/devkitPro/libogc/lib/wii\libogc.a(si.o)
                0x80020d40                SI_EnablePolling
 .text.SI_DisablePolling
                0x80020dc0       0x58 C:/devkitPro/libogc/lib/wii\libogc.a(si.o)
                0x80020dc0                SI_DisablePolling
 .text.SI_SetSamplingRate
                0x80020e18       0xd8 C:/devkitPro/libogc/lib/wii\libogc.a(si.o)
                0x80020e18                SI_SetSamplingRate
 .text.SI_RefreshSamplingRate
                0x80020ef0        0x8 C:/devkitPro/libogc/lib/wii\libogc.a(si.o)
                0x80020ef0                SI_RefreshSamplingRate
 .text.SI_GetStatus
                0x80020ef8       0x78 C:/devkitPro/libogc/lib/wii\libogc.a(si.o)
                0x80020ef8                SI_GetStatus
 .text.SI_GetResponseRaw
                0x80020f70       0xe8 C:/devkitPro/libogc/lib/wii\libogc.a(si.o)
                0x80020f70                SI_GetResponseRaw
 .text.SI_GetResponse
                0x80021058       0xb8 C:/devkitPro/libogc/lib/wii\libogc.a(si.o)
                0x80021058                SI_GetResponse
 .text.SI_SetCommand
                0x80021110       0x10 C:/devkitPro/libogc/lib/wii\libogc.a(si.o)
                0x80021110                SI_SetCommand
 .text.SI_Transfer
                0x80021120      0x26c C:/devkitPro/libogc/lib/wii\libogc.a(si.o)
                0x80021120                SI_Transfer
 .text.__si_gettypecallback
                0x8002138c      0x2c0 C:/devkitPro/libogc/lib/wii\libogc.a(si.o)
 .text.__si_interrupthandler
                0x8002164c      0x268 C:/devkitPro/libogc/lib/wii\libogc.a(si.o)
 .text.SI_GetType
                0x800218b4      0x1f4 C:/devkitPro/libogc/lib/wii\libogc.a(si.o)
                0x800218b4                SI_GetType
 .text.SI_GetTypeAsync
                0x80021aa8      0x138 C:/devkitPro/libogc/lib/wii\libogc.a(si.o)
                0x80021aa8                SI_GetTypeAsync
 .text.SI_EnablePollingInterrupt
                0x80021be0       0x8c C:/devkitPro/libogc/lib/wii\libogc.a(si.o)
                0x80021be0                SI_EnablePollingInterrupt
 .text.SI_UnregisterPollingHandler
                0x80021c6c       0xe0 C:/devkitPro/libogc/lib/wii\libogc.a(si.o)
                0x80021c6c                SI_UnregisterPollingHandler
 .text.__si_init
                0x80021d4c       0xe8 C:/devkitPro/libogc/lib/wii\libogc.a(si.o)
                0x80021d4c                __si_init
 .text.__ipc_sendrequest
                0x80021e34      0x104 C:/devkitPro/libogc/lib/wii\libogc.a(ipc.o)
 .text.__ipc_syncrequest
                0x80021f38       0xe4 C:/devkitPro/libogc/lib/wii\libogc.a(ipc.o)
 .text.__ioctlvfmtCB
                0x8002201c      0x158 C:/devkitPro/libogc/lib/wii\libogc.a(ipc.o)
 .text.__ios_ioctlvformat_parse
                0x80022174      0x820 C:/devkitPro/libogc/lib/wii\libogc.a(ipc.o)
 .text.__ipc_asyncrequest
                0x80022994      0x13c C:/devkitPro/libogc/lib/wii\libogc.a(ipc.o)
 .text.__ipc_interrupthandler
                0x80022ad0      0x34c C:/devkitPro/libogc/lib/wii\libogc.a(ipc.o)
 .text.iosCreateHeap
                0x80022e1c      0x130 C:/devkitPro/libogc/lib/wii\libogc.a(ipc.o)
                0x80022e1c                iosCreateHeap
 .text.iosAlloc
                0x80022f4c       0x30 C:/devkitPro/libogc/lib/wii\libogc.a(ipc.o)
                0x80022f4c                iosAlloc
 .text.iosFree  0x80022f7c       0x28 C:/devkitPro/libogc/lib/wii\libogc.a(ipc.o)
                0x80022f7c                iosFree
 .text.__IPC_ClntInit
                0x80022fa4       0xc8 C:/devkitPro/libogc/lib/wii\libogc.a(ipc.o)
                0x80022fa4                __IPC_ClntInit
 .text.IOS_Open
                0x8002306c      0x110 C:/devkitPro/libogc/lib/wii\libogc.a(ipc.o)
                0x8002306c                IOS_Open
 .text.IOS_Close
                0x8002317c       0xf0 C:/devkitPro/libogc/lib/wii\libogc.a(ipc.o)
                0x8002317c                IOS_Close
 .text.IOS_CloseAsync
                0x8002326c       0xb4 C:/devkitPro/libogc/lib/wii\libogc.a(ipc.o)
                0x8002326c                IOS_CloseAsync
 .text.IOS_Read
                0x80023320      0x10c C:/devkitPro/libogc/lib/wii\libogc.a(ipc.o)
                0x80023320                IOS_Read
 .text.IOS_Write
                0x8002342c      0x10c C:/devkitPro/libogc/lib/wii\libogc.a(ipc.o)
                0x8002342c                IOS_Write
 .text.IOS_Ioctl
                0x80023538      0x158 C:/devkitPro/libogc/lib/wii\libogc.a(ipc.o)
                0x80023538                IOS_Ioctl
 .text.IOS_IoctlAsync
                0x80023690      0x148 C:/devkitPro/libogc/lib/wii\libogc.a(ipc.o)
                0x80023690                IOS_IoctlAsync
 .text.IOS_Ioctlv
                0x800237d8      0x1f0 C:/devkitPro/libogc/lib/wii\libogc.a(ipc.o)
                0x800237d8                IOS_Ioctlv
 .text.IOS_IoctlvAsync
                0x800239c8      0x1d4 C:/devkitPro/libogc/lib/wii\libogc.a(ipc.o)
                0x800239c8                IOS_IoctlvAsync
 .text.IOS_IoctlvFormat
                0x80023b9c      0x16c C:/devkitPro/libogc/lib/wii\libogc.a(ipc.o)
                0x80023b9c                IOS_IoctlvFormat
 .text.IOS_IoctlvReboot
                0x80023d08      0x1f4 C:/devkitPro/libogc/lib/wii\libogc.a(ipc.o)
                0x80023d08                IOS_IoctlvReboot
 .text.gettick  0x80023efc        0x8 C:/devkitPro/libogc/lib/wii\libogc.a(timesupp.o)
                0x80023efc                gettick
 .text.gettime  0x80023f04       0x18 C:/devkitPro/libogc/lib/wii\libogc.a(timesupp.o)
                0x80023f04                gettime
 .text.settime  0x80023f1c       0x14 C:/devkitPro/libogc/lib/wii\libogc.a(timesupp.o)
                0x80023f1c                settime
 .text.diff_usec
                0x80023f30       0x88 C:/devkitPro/libogc/lib/wii\libogc.a(timesupp.o)
                0x80023f30                diff_usec
 .text.__timesystem_init
                0x80023fb8       0x1c C:/devkitPro/libogc/lib/wii\libogc.a(timesupp.o)
                0x80023fb8                __timesystem_init
 .text.udelay   0x80023fd4       0xac C:/devkitPro/libogc/lib/wii\libogc.a(timesupp.o)
                0x80023fd4                udelay
 .text.__libogc_nanosleep
                0x80024080      0x144 C:/devkitPro/libogc/lib/wii\libogc.a(timesupp.o)
                0x80024080                __libogc_nanosleep
 .text.__syscall_lock_init
                0x800241c4       0x6c C:/devkitPro/libogc/lib/wii\libogc.a(lock_supp.o)
                0x800241c4                __syscall_lock_init
 .text.__syscall_lock_init_recursive
                0x80024230       0x6c C:/devkitPro/libogc/lib/wii\libogc.a(lock_supp.o)
                0x80024230                __syscall_lock_init_recursive
 .text.__syscall_lock_close
                0x8002429c       0x68 C:/devkitPro/libogc/lib/wii\libogc.a(lock_supp.o)
                0x8002429c                __syscall_lock_close
 .text.__syscall_lock_acquire
                0x80024304       0x18 C:/devkitPro/libogc/lib/wii\libogc.a(lock_supp.o)
                0x80024304                __syscall_lock_acquire
 .text.__syscall_lock_release
                0x8002431c       0x18 C:/devkitPro/libogc/lib/wii\libogc.a(lock_supp.o)
                0x8002431c                __syscall_lock_release
 .text.__usbgecko_exi_unlock
                0x80024334       0x34 C:/devkitPro/libogc/lib/wii\libogc.a(usbgecko.o)
 .text.usb_isgeckoalive
                0x80024368      0x1bc C:/devkitPro/libogc/lib/wii\libogc.a(usbgecko.o)
                0x80024368                usb_isgeckoalive
 .text.usb_sendbuffer_ex
                0x80024524      0x214 C:/devkitPro/libogc/lib/wii\libogc.a(usbgecko.o)
                0x80024524                usb_sendbuffer_ex
 .text.usb_sendbuffer
                0x80024738        0x8 C:/devkitPro/libogc/lib/wii\libogc.a(usbgecko.o)
                0x80024738                usb_sendbuffer
 .text.usb_sendbuffer_safe_ex
                0x80024740      0x2a8 C:/devkitPro/libogc/lib/wii\libogc.a(usbgecko.o)
                0x80024740                usb_sendbuffer_safe_ex
 .text.usb_sendbuffer_safe
                0x800249e8        0x8 C:/devkitPro/libogc/lib/wii\libogc.a(usbgecko.o)
                0x800249e8                usb_sendbuffer_safe
 .text._sbrk_r  0x800249f0      0x28c C:/devkitPro/libogc/lib/wii\libogc.a(sbrk.o)
                0x800249f0                _sbrk_r
 .text.__memlock_init
                0x80024c7c       0x7c C:/devkitPro/libogc/lib/wii\libogc.a(malloc_lock.o)
                0x80024c7c                __memlock_init
 .text.__libogc_malloc_lock
                0x80024cf8      0x1fc C:/devkitPro/libogc/lib/wii\libogc.a(malloc_lock.o)
                0x80024cf8                __libogc_malloc_lock
 .text.__libogc_malloc_unlock
                0x80024ef4       0x64 C:/devkitPro/libogc/lib/wii\libogc.a(malloc_lock.o)
                0x80024ef4                __libogc_malloc_unlock
 .text.__STM_SetEventHook
                0x80024f58       0xb0 C:/devkitPro/libogc/lib/wii\libogc.a(stm.o)
                0x80024f58                __STM_SetEventHook
 .text.__STM_Init
                0x80025008       0x8c C:/devkitPro/libogc/lib/wii\libogc.a(stm.o)
                0x80025008                __STM_Init
 .text.__STMEventHandler
                0x80025094       0x64 C:/devkitPro/libogc/lib/wii\libogc.a(stm.o)
 .text.__STM_ReleaseEventHook
                0x800250f8       0x80 C:/devkitPro/libogc/lib/wii\libogc.a(stm.o)
                0x800250f8                __STM_ReleaseEventHook
 .text.__STM_Close
                0x80025178       0xac C:/devkitPro/libogc/lib/wii\libogc.a(stm.o)
                0x80025178                __STM_Close
 .text.STM_RegisterEventHandler
                0x80025224       0x10 C:/devkitPro/libogc/lib/wii\libogc.a(stm.o)
                0x80025224                STM_RegisterEventHandler
 .text.STM_ShutdownToStandby
                0x80025234       0x50 C:/devkitPro/libogc/lib/wii\libogc.a(stm.o)
                0x80025234                STM_ShutdownToStandby
 .text.STM_ShutdownToIdle
                0x80025284       0x70 C:/devkitPro/libogc/lib/wii\libogc.a(stm.o)
                0x80025284                STM_ShutdownToIdle
 .text.STM_SetLedMode
                0x800252f4       0x40 C:/devkitPro/libogc/lib/wii\libogc.a(stm.o)
                0x800252f4                STM_SetLedMode
 .text.STM_RebootSystem
                0x80025334       0x50 C:/devkitPro/libogc/lib/wii\libogc.a(stm.o)
                0x80025334                STM_RebootSystem
 .text.__IOS_InitializeSubsystems
                0x80025384       0x44 C:/devkitPro/libogc/lib/wii\libogc.a(ios.o)
                0x80025384                __IOS_InitializeSubsystems
 .text.__IOS_ShutdownSubsystems
                0x800253c8       0x44 C:/devkitPro/libogc/lib/wii\libogc.a(ios.o)
                0x800253c8                __IOS_ShutdownSubsystems
 .text.__IOS_LoadStartupIOS
                0x8002540c        0x8 C:/devkitPro/libogc/lib/wii\libogc.a(ios.o)
                0x8002540c                __IOS_LoadStartupIOS
 .text._ES_fstat_r
                0x80025414      0x120 C:/devkitPro/libogc/lib/wii\libogc.a(es.o)
 .text._ES_seek_r
                0x80025534       0xdc C:/devkitPro/libogc/lib/wii\libogc.a(es.o)
 .text._ES_close_r
                0x80025610       0xac C:/devkitPro/libogc/lib/wii\libogc.a(es.o)
 .text.__ES_Init
                0x800256bc       0x78 C:/devkitPro/libogc/lib/wii\libogc.a(es.o)
                0x800256bc                __ES_Init
 .text.__ES_Close
                0x80025734       0x54 C:/devkitPro/libogc/lib/wii\libogc.a(es.o)
                0x80025734                __ES_Close
 .text.ES_GetTitleID
                0x80025788       0x94 C:/devkitPro/libogc/lib/wii\libogc.a(es.o)
                0x80025788                ES_GetTitleID
 .text.ES_LaunchTitle
                0x8002581c       0xa4 C:/devkitPro/libogc/lib/wii\libogc.a(es.o)
                0x8002581c                ES_LaunchTitle
 .text.ES_GetNumTicketViews
                0x800258c0       0x98 C:/devkitPro/libogc/lib/wii\libogc.a(es.o)
                0x800258c0                ES_GetNumTicketViews
 .text.ES_GetTicketViews
                0x80025958       0x8c C:/devkitPro/libogc/lib/wii\libogc.a(es.o)
                0x80025958                ES_GetTicketViews
 .text.ES_GetStoredTMD
                0x800259e4       0x90 C:/devkitPro/libogc/lib/wii\libogc.a(es.o)
                0x800259e4                ES_GetStoredTMD
 .text._ES_decodepath
                0x80025a74      0x440 C:/devkitPro/libogc/lib/wii\libogc.a(es.o)
 .text._ES_stat_r
                0x80025eb4       0xf4 C:/devkitPro/libogc/lib/wii\libogc.a(es.o)
 .text._ES_open_r
                0x80025fa8      0x1d0 C:/devkitPro/libogc/lib/wii\libogc.a(es.o)
 .text.ES_ReadContent
                0x80026178       0x6c C:/devkitPro/libogc/lib/wii\libogc.a(es.o)
                0x80026178                ES_ReadContent
 .text._ES_read_r
                0x800261e4      0x17c C:/devkitPro/libogc/lib/wii\libogc.a(es.o)
 .text.__usbv5_devicechangeCB
                0x80026360      0x180 C:/devkitPro/libogc/lib/wii\libogc.a(usb.o)
 .text.__usbv5_attachfinishCB
                0x800264e0       0xcc C:/devkitPro/libogc/lib/wii\libogc.a(usb.o)
 .text.__usbv5_messageCB
                0x800265ac       0x5c C:/devkitPro/libogc/lib/wii\libogc.a(usb.o)
 .text.__usbv0_messageCB
                0x80026608       0xa8 C:/devkitPro/libogc/lib/wii\libogc.a(usb.o)
 .text.__usb_control_message
                0x800266b0      0x428 C:/devkitPro/libogc/lib/wii\libogc.a(usb.o)
 .text.__usb_interrupt_bulk_message
                0x80026ad8      0x2c0 C:/devkitPro/libogc/lib/wii\libogc.a(usb.o)
 .text.USB_FreeDescriptors.part.0
                0x80026d98       0xfc C:/devkitPro/libogc/lib/wii\libogc.a(usb.o)
 .text.USB_GetDescriptors.part.0
                0x80026e94      0x674 C:/devkitPro/libogc/lib/wii\libogc.a(usb.o)
 .text.USBV5_SuspendResume
                0x80027508      0x138 C:/devkitPro/libogc/lib/wii\libogc.a(usb.o)
 .text.USBV5_GetDescriptors
                0x80027640      0x518 C:/devkitPro/libogc/lib/wii\libogc.a(usb.o)
 .text.USB_Deinitialize
                0x80027b58       0xc8 C:/devkitPro/libogc/lib/wii\libogc.a(usb.o)
                0x80027b58                USB_Deinitialize
 .text.USB_Initialize
                0x80027c20      0x2f8 C:/devkitPro/libogc/lib/wii\libogc.a(usb.o)
                0x80027c20                USB_Initialize
 .text.USB_OpenDevice
                0x80027f18      0x2b8 C:/devkitPro/libogc/lib/wii\libogc.a(usb.o)
                0x80027f18                USB_OpenDevice
 .text.USBV5_CloseDevice
                0x800281d0      0x128 C:/devkitPro/libogc/lib/wii\libogc.a(usb.o)
                0x800281d0                USBV5_CloseDevice
 .text.USB_CloseDeviceAsync
                0x800282f8       0xd0 C:/devkitPro/libogc/lib/wii\libogc.a(usb.o)
                0x800282f8                USB_CloseDeviceAsync
 .text.USB_ReadIntrMsgAsync
                0x800283c8       0x28 C:/devkitPro/libogc/lib/wii\libogc.a(usb.o)
                0x800283c8                USB_ReadIntrMsgAsync
 .text.USB_ReadBlkMsgAsync
                0x800283f0       0x28 C:/devkitPro/libogc/lib/wii\libogc.a(usb.o)
                0x800283f0                USB_ReadBlkMsgAsync
 .text.USB_WriteBlkMsgAsync
                0x80028418       0x28 C:/devkitPro/libogc/lib/wii\libogc.a(usb.o)
                0x80028418                USB_WriteBlkMsgAsync
 .text.USB_WriteCtrlMsgAsync
                0x80028440        0x4 C:/devkitPro/libogc/lib/wii\libogc.a(usb.o)
                0x80028440                USB_WriteCtrlMsgAsync
 .text.__CheckARGV
                0x80028444       0x80 C:/devkitPro/libogc/lib/wii\libogc.a(argv.o)
                0x80028444                __CheckARGV
 .text.CONF_Init
                0x800284c4      0x184 C:/devkitPro/libogc/lib/wii\libogc.a(conf.o)
                0x800284c4                CONF_Init
 .text.__CONF_GetTxt
                0x80028648      0x208 C:/devkitPro/libogc/lib/wii\libogc.a(conf.o)
                0x80028648                __CONF_GetTxt
 .text.__CONF_Find
                0x80028850       0xfc C:/devkitPro/libogc/lib/wii\libogc.a(conf.o)
                0x80028850                __CONF_Find
 .text.CONF_GetLength
                0x8002894c      0x12c C:/devkitPro/libogc/lib/wii\libogc.a(conf.o)
                0x8002894c                CONF_GetLength
 .text.CONF_Get
                0x80028a78      0x140 C:/devkitPro/libogc/lib/wii\libogc.a(conf.o)
                0x80028a78                CONF_Get
 .text.CONF_GetShutdownMode
                0x80028bb8       0x54 C:/devkitPro/libogc/lib/wii\libogc.a(conf.o)
                0x80028bb8                CONF_GetShutdownMode
 .text.CONF_GetIdleLedMode
                0x80028c0c       0x54 C:/devkitPro/libogc/lib/wii\libogc.a(conf.o)
                0x80028c0c                CONF_GetIdleLedMode
 .text.CONF_GetProgressiveScan
                0x80028c60       0x54 C:/devkitPro/libogc/lib/wii\libogc.a(conf.o)
                0x80028c60                CONF_GetProgressiveScan
 .text.CONF_GetEuRGB60
                0x80028cb4       0x54 C:/devkitPro/libogc/lib/wii\libogc.a(conf.o)
                0x80028cb4                CONF_GetEuRGB60
 .text.CONF_GetIRSensitivity
                0x80028d08       0x54 C:/devkitPro/libogc/lib/wii\libogc.a(conf.o)
                0x80028d08                CONF_GetIRSensitivity
 .text.CONF_GetSensorBarPosition
                0x80028d5c       0x54 C:/devkitPro/libogc/lib/wii\libogc.a(conf.o)
                0x80028d5c                CONF_GetSensorBarPosition
 .text.CONF_GetCounterBias
                0x80028db0       0x4c C:/devkitPro/libogc/lib/wii\libogc.a(conf.o)
                0x80028db0                CONF_GetCounterBias
 .text.CONF_GetDisplayOffsetH
                0x80028dfc       0x4c C:/devkitPro/libogc/lib/wii\libogc.a(conf.o)
                0x80028dfc                CONF_GetDisplayOffsetH
 .text.CONF_GetPadDevices
                0x80028e48       0x4c C:/devkitPro/libogc/lib/wii\libogc.a(conf.o)
                0x80028e48                CONF_GetPadDevices
 .text.CONF_GetVideo
                0x80028e94       0x88 C:/devkitPro/libogc/lib/wii\libogc.a(conf.o)
                0x80028e94                CONF_GetVideo
 .text.__WII_WriteNANDBootInfo.isra.0
                0x80028f1c       0xbc C:/devkitPro/libogc/lib/wii\libogc.a(wiilaunch.o)
 .text.__WII_WriteStateFlags.isra.0
                0x80028fd8       0x94 C:/devkitPro/libogc/lib/wii\libogc.a(wiilaunch.o)
 .text.WII_Initialize
                0x8002906c      0x188 C:/devkitPro/libogc/lib/wii\libogc.a(wiilaunch.o)
                0x8002906c                WII_Initialize
 .text.WII_LaunchTitle
                0x800291f4      0x1ac C:/devkitPro/libogc/lib/wii\libogc.a(wiilaunch.o)
                0x800291f4                WII_LaunchTitle
 .text.WII_ReturnToMenu
                0x800293a0       0x58 C:/devkitPro/libogc/lib/wii\libogc.a(wiilaunch.o)
                0x800293a0                WII_ReturnToMenu
 .text.__lwp_priority_init
                0x800293f8       0x1c C:/devkitPro/libogc/lib/wii\libogc.a(lwp_priority.o)
                0x800293f8                __lwp_priority_init
 .text.__lwp_threadqueue_enqueuefifo
                0x80029414      0x12c C:/devkitPro/libogc/lib/wii\libogc.a(lwp_threadq.o)
                0x80029414                __lwp_threadqueue_enqueuefifo
 .text.__lwp_threadqueue_dequeuefifo
                0x80029540      0x134 C:/devkitPro/libogc/lib/wii\libogc.a(lwp_threadq.o)
                0x80029540                __lwp_threadqueue_dequeuefifo
 .text.__lwp_threadqueue_enqueuepriority
                0x80029674      0x334 C:/devkitPro/libogc/lib/wii\libogc.a(lwp_threadq.o)
                0x80029674                __lwp_threadqueue_enqueuepriority
 .text.__lwp_threadqueue_dequeuepriority
                0x800299a8      0x1d8 C:/devkitPro/libogc/lib/wii\libogc.a(lwp_threadq.o)
                0x800299a8                __lwp_threadqueue_dequeuepriority
 .text.__lwp_threadqueue_init
                0x80029b80       0x64 C:/devkitPro/libogc/lib/wii\libogc.a(lwp_threadq.o)
                0x80029b80                __lwp_threadqueue_init
 .text.__lwp_threadqueue_enqueue
                0x80029be4      0x138 C:/devkitPro/libogc/lib/wii\libogc.a(lwp_threadq.o)
                0x80029be4                __lwp_threadqueue_enqueue
 .text.__lwp_threadqueue_dequeue
                0x80029d1c       0x24 C:/devkitPro/libogc/lib/wii\libogc.a(lwp_threadq.o)
                0x80029d1c                __lwp_threadqueue_dequeue
 .text.__lwp_threadqueue_flush
                0x80029d40       0x68 C:/devkitPro/libogc/lib/wii\libogc.a(lwp_threadq.o)
                0x80029d40                __lwp_threadqueue_flush
 .text.__lwp_threadqueue_extractfifo
                0x80029da8       0xe8 C:/devkitPro/libogc/lib/wii\libogc.a(lwp_threadq.o)
                0x80029da8                __lwp_threadqueue_extractfifo
 .text.__lwp_threadqueue_extractpriority
                0x80029e90      0x148 C:/devkitPro/libogc/lib/wii\libogc.a(lwp_threadq.o)
                0x80029e90                __lwp_threadqueue_extractpriority
 .text.__lwp_threadqueue_timeout
                0x80029fd8       0xd0 C:/devkitPro/libogc/lib/wii\libogc.a(lwp_threadq.o)
 .text.__lwp_threadqueue_extractproxy
                0x8002a0a8       0x64 C:/devkitPro/libogc/lib/wii\libogc.a(lwp_threadq.o)
                0x8002a0a8                __lwp_threadqueue_extractproxy
 .text.__lwp_mutex_initialize
                0x8002a10c       0xa4 C:/devkitPro/libogc/lib/wii\libogc.a(lwp_mutex.o)
                0x8002a10c                __lwp_mutex_initialize
 .text.__lwp_mutex_surrender
                0x8002a1b0      0x14c C:/devkitPro/libogc/lib/wii\libogc.a(lwp_mutex.o)
                0x8002a1b0                __lwp_mutex_surrender
 .text.__lwp_mutex_seize_irq_blocking
                0x8002a2fc       0xf8 C:/devkitPro/libogc/lib/wii\libogc.a(lwp_mutex.o)
                0x8002a2fc                __lwp_mutex_seize_irq_blocking
 .text.__lwp_mutex_flush
                0x8002a3f4        0x4 C:/devkitPro/libogc/lib/wii\libogc.a(lwp_mutex.o)
                0x8002a3f4                __lwp_mutex_flush
 .text.__systemcall_init
                0x8002a3f8       0x70 C:/devkitPro/libogc/lib/wii\libogc.a(exception.o)
                0x8002a3f8                __systemcall_init
 .text.__exception_init
                0x8002a468      0x120 C:/devkitPro/libogc/lib/wii\libogc.a(exception.o)
                0x8002a468                __exception_init
 .text.__exception_close
                0x8002a588       0xac C:/devkitPro/libogc/lib/wii\libogc.a(exception.o)
                0x8002a588                __exception_close
 .text.__exception_closeall
                0x8002a634       0x80 C:/devkitPro/libogc/lib/wii\libogc.a(exception.o)
                0x8002a634                __exception_closeall
 .text.c_default_exceptionhandler
                0x8002a6b4      0x458 C:/devkitPro/libogc/lib/wii\libogc.a(exception.o)
                0x8002a6b4                c_default_exceptionhandler
 .text.__lwp_sema_init
                0x8002ab0c       0x14 C:/devkitPro/libogc/lib/wii\libogc.a(semaphore.o)
                0x8002ab0c                __lwp_sema_init
 .text.SPEC1_MakeStatus
                0x8002ab20      0x104 C:/devkitPro/libogc/lib/wii\libogc.a(pad.o)
 .text.__pad_samplinghandler